{"command": "*IDN?", "duration_s": 0.000637700000879704, "error": null, "operation": "query", "response": "Agilent Technologies,N6700B,MY43014421,D.04.10", "timestamp_iso": "2026-07-24T16:00:18.543106+00:00", "timestamp_unix": 1784908818.5431056}
{"command": "SYST:ERR?", "duration_s": 0.00123399999938556, "error": null, "operation": "query", "response": "-420,\"Query UNTERMINATED\"", "timestamp_iso": "2026-07-24T16:00:18.546754+00:00", "timestamp_unix": 1784908818.5467544}
{"command": "SYST:ERR?", "duration_s": 0.0010979999988194322, "error": null, "operation": "query", "response": "-103,\"Invalid separator\"", "timestamp_iso": "2026-07-24T16:00:18.552251+00:00", "timestamp_unix": 1784908818.5522513}
{"command": "SYST:ERR?", "duration_s": 0.0013559999988501659, "error": null, "operation": "query", "response": "-420,\"Query UNTERMINATED\"", "timestamp_iso": "2026-07-24T16:00:18.567094+00:00", "timestamp_unix": 1784908818.567094}
{"command": "SYST:ERR?", "duration_s": 0.0012127999998483574, "error": null, "operation": "query", "response": "-113,\"Undefined header\"", "timestamp_iso": "2026-07-24T16:00:18.572866+00:00", "timestamp_unix": 1784908818.5728662}
{"command": "SYST:ERR?", "duration_s": 0.0013564000000769738, "error": null, "operation": "query", "response": "-420,\"Query UNTERMINATED\"", "timestamp_iso": "2026-07-24T16:00:18.577045+00:00", "timestamp_unix": 1784908818.577045}
{"command": "SYST:ERR?", "duration_s": 0.0010872000002564164, "error": null, "operation": "query", "response": "+0,\"No error\"", "timestamp_iso": "2026-07-24T16:00:18.581536+00:00", "timestamp_unix": 1784908818.5815356}
{"command": "SYST:CHAN:COUN?", "duration_s": 0.0007203000004665228, "error": null, "operation": "query", "response": "+2", "timestamp_iso": "2026-07-24T16:00:18.584840+00:00", "timestamp_unix": 1784908818.5848396}
{"command": "SYST:CHAN:MOD? (@1)", "duration_s": 0.003491700001177378, "error": null, "operation": "query", "response": "N6775A", "timestamp_iso": "2026-07-24T16:00:18.587514+00:00", "timestamp_unix": 1784908818.5875144}
{"command": "SYST:CHAN:OPT? (@1)", "duration_s": 0.011032500000510481, "error": null, "operation": "query", "response": "\"\"", "timestamp_iso": "2026-07-24T16:00:18.593858+00:00", "timestamp_unix": 1784908818.5938582}
{"command": "SYST:CHAN:MOD? (@2)", "duration_s": 0.0032738999998400686, "error": null, "operation": "query", "response": "N6775A", "timestamp_iso": "2026-07-24T16:00:18.608613+00:00", "timestamp_unix": 1784908818.6086135}
{"command": "SYST:CHAN:OPT? (@2)", "duration_s": 0.010593000000881148, "error": null, "operation": "query", "response": "\"\"", "timestamp_iso": "2026-07-24T16:00:18.616320+00:00", "timestamp_unix": 1784908818.6163197}
{"command": "*CLS", "duration_s": 0.00012229999992996454, "error": null, "operation": "write", "response": null, "timestamp_iso": "2026-07-24T16:00:18.631177+00:00", "timestamp_unix": 1784908818.6311774}
{"command": "SYST:ERR?", "duration_s": 0.001103099999454571, "error": null, "operation": "query", "response": "+0,\"No error\"", "timestamp_iso": "2026-07-24T16:00:18.635639+00:00", "timestamp_unix": 1784908818.635639}
{"command": "SYST:CHAN:MOD? (@1)", "duration_s": 0.0025557999997545267, "error": null, "operation": "query", "response": "N6775A", "timestamp_iso": "2026-07-24T16:00:19.189223+00:00", "timestamp_unix": 1784908819.189223}
{"command": "SYST:CHAN:SER? (@1)", "duration_s": 0.0032570000003033783, "error": null, "operation": "query", "response": "MY45001931", "timestamp_iso": "2026-07-24T16:00:19.197780+00:00", "timestamp_unix": 1784908819.19778}
{"command": "SYST:CHAN:OPT? (@1)", "duration_s": 0.010978100001011626, "error": null, "operation": "query", "response": "\"\"", "timestamp_iso": "2026-07-24T16:00:19.203964+00:00", "timestamp_unix": 1784908819.2039645}
{"command": "OUTP? (@1)", "duration_s": 0.0009867000007943716, "error": null, "operation": "query", "response": "0", "timestamp_iso": "2026-07-24T16:00:19.271883+00:00", "timestamp_unix": 1784908819.271883}
{"command": "VOLT? (@1)", "duration_s": 0.0010182000005443115, "error": null, "operation": "query", "response": "+1.000000E+01", "timestamp_iso": "2026-07-24T16:00:19.343863+00:00", "timestamp_unix": 1784908819.3438628}
{"command": "CURR? (@1)", "duration_s": 0.0008623000012448756, "error": null, "operation": "query", "response": "+1.000000E-01", "timestamp_iso": "2026-07-24T16:00:19.402364+00:00", "timestamp_unix": 1784908819.4023645}
{"command": "VOLT:PROT? (@1)", "duration_s": 0.0011632000005192822, "error": null, "operation": "query", "response": "+6.000000E+01", "timestamp_iso": "2026-07-24T16:00:19.407299+00:00", "timestamp_unix": 1784908819.4072988}
{"command": "CURR:PROT:STAT? (@1)", "duration_s": 0.001173999999082298, "error": null, "operation": "query", "response": "0", "timestamp_iso": "2026-07-24T16:00:19.411367+00:00", "timestamp_unix": 1784908819.411367}
{"command": "OUTP OFF,(@1)", "duration_s": 0.0001678000007814262, "error": null, "operation": "write", "response": null, "timestamp_iso": "2026-07-24T16:00:19.421844+00:00", "timestamp_unix": 1784908819.4218435}
{"command": "SYST:ERR?", "duration_s": 0.0010429000012663892, "error": null, "operation": "query", "response": "+0,\"No error\"", "timestamp_iso": "2026-07-24T16:00:19.427963+00:00", "timestamp_unix": 1784908819.4279625}
{"command": "OUTP? (@1)", "duration_s": 0.0006974999996600673, "error": null, "operation": "query", "response": "0", "timestamp_iso": "2026-07-24T16:00:19.432288+00:00", "timestamp_unix": 1784908819.432288}
{"command": "*CLS", "duration_s": 9.380000119563192e-05, "error": null, "operation": "write", "response": null, "timestamp_iso": "2026-07-24T16:00:19.436663+00:00", "timestamp_unix": 1784908819.4366634}
{"command": "SYST:ERR?", "duration_s": 0.0009127000012085773, "error": null, "operation": "query", "response": "+0,\"No error\"", "timestamp_iso": "2026-07-24T16:00:19.440692+00:00", "timestamp_unix": 1784908819.4406922}
{"command": "OUTP OFF,(@1)", "duration_s": 0.0002102999987982912, "error": null, "operation": "write", "response": null, "timestamp_iso": "2026-07-24T16:00:19.449864+00:00", "timestamp_unix": 1784908819.4498644}
{"command": "SYST:ERR?", "duration_s": 0.0010395999997854233, "error": null, "operation": "query", "response": "+0,\"No error\"", "timestamp_iso": "2026-07-24T16:00:19.454970+00:00", "timestamp_unix": 1784908819.4549701}
{"command": "SYST:CHAN:MOD? (@1)", "duration_s": 0.0029985999990458367, "error": null, "operation": "query", "response": "N6775A", "timestamp_iso": "2026-07-24T16:00:19.463987+00:00", "timestamp_unix": 1784908819.463987}
{"command": "SYST:CHAN:OPT? (@1)", "duration_s": 0.011408200000005309, "error": null, "operation": "query", "response": "\"\"", "timestamp_iso": "2026-07-24T16:00:19.470508+00:00", "timestamp_unix": 1784908819.470508}
{"command": "SYST:CHAN:MOD? (@2)", "duration_s": 0.003372299999682582, "error": null, "operation": "query", "response": "N6775A", "timestamp_iso": "2026-07-24T16:00:19.485409+00:00", "timestamp_unix": 1784908819.4854093}
{"command": "SYST:CHAN:OPT? (@2)", "duration_s": 0.01055869999981951, "error": null, "operation": "query", "response": "\"\"", "timestamp_iso": "2026-07-24T16:00:19.494338+00:00", "timestamp_unix": 1784908819.4943378}
{"command": "SYST:CHAN:MOD? (@1)", "duration_s": 0.0031376999995700317, "error": null, "operation": "query", "response": "N6775A", "timestamp_iso": "2026-07-24T16:00:19.553836+00:00", "timestamp_unix": 1784908819.5538356}
{"command": "SYST:CHAN:SER? (@1)", "duration_s": 0.0026959999995597173, "error": null, "operation": "query", "response": "MY45001931", "timestamp_iso": "2026-07-24T16:00:19.561210+00:00", "timestamp_unix": 1784908819.5612104}
{"command": "SYST:CHAN:OPT? (@1)", "duration_s": 0.011159800000314135, "error": null, "operation": "query", "response": "\"\"", "timestamp_iso": "2026-07-24T16:00:19.567777+00:00", "timestamp_unix": 1784908819.5677774}
{"command": "OUTP OFF,(@1)", "duration_s": 0.00012150000111432746, "error": null, "operation": "write", "response": null, "timestamp_iso": "2026-07-24T16:00:19.583920+00:00", "timestamp_unix": 1784908819.5839198}
{"command": "SYST:ERR?", "duration_s": 0.0009742000002006534, "error": null, "operation": "query", "response": "+0,\"No error\"", "timestamp_iso": "2026-07-24T16:00:19.589076+00:00", "timestamp_unix": 1784908819.5890756}
{"command": "*IDN?", "duration_s": 0.0006645000012213131, "error": null, "operation": "query", "response": "Agilent Technologies,N6700B,MY43014421,D.04.10", "timestamp_iso": "2026-07-24T16:00:19.595071+00:00", "timestamp_unix": 1784908819.5950708}
{"command": "*OPT?", "duration_s": 0.02926380000099016, "error": null, "operation": "query", "response": "0", "timestamp_iso": "2026-07-24T16:00:19.599539+00:00", "timestamp_unix": 1784908819.5995388}
{"command": "*OPC?", "duration_s": 0.004515500000707107, "error": null, "operation": "query", "response": "1", "timestamp_iso": "2026-07-24T16:00:19.633940+00:00", "timestamp_unix": 1784908819.6339395}
{"command": "*STB?", "duration_s": 0.0006954000000405358, "error": null, "operation": "query", "response": "+0", "timestamp_iso": "2026-07-24T16:00:19.644260+00:00", "timestamp_unix": 1784908819.6442602}
{"command": "*ESR?", "duration_s": 0.0007594999988214113, "error": null, "operation": "query", "response": "+0", "timestamp_iso": "2026-07-24T16:00:19.650360+00:00", "timestamp_unix": 1784908819.6503599}
{"command": "OUTP OFF,(@1)", "duration_s": 0.00019330000031914096, "error": null, "operation": "write", "response": null, "timestamp_iso": "2026-07-24T16:00:19.656341+00:00", "timestamp_unix": 1784908819.656341}
{"command": "SYST:ERR?", "duration_s": 0.0010154999999940628, "error": null, "operation": "query", "response": "+0,\"No error\"", "timestamp_iso": "2026-07-24T16:00:19.659899+00:00", "timestamp_unix": 1784908819.6598995}
{"command": "OUTP OFF,(@1)", "duration_s": 0.00010699999984353781, "error": null, "operation": "write", "response": null, "timestamp_iso": "2026-07-24T16:00:19.665907+00:00", "timestamp_unix": 1784908819.6659074}
{"command": "SYST:ERR?", "duration_s": 0.0009938999992300523, "error": null, "operation": "query", "response": "+0,\"No error\"", "timestamp_iso": "2026-07-24T16:00:19.669421+00:00", "timestamp_unix": 1784908819.669421}
{"command": "*TST?", "duration_s": 0.1588355000003503, "error": null, "operation": "query", "response": "+0", "timestamp_iso": "2026-07-24T16:00:19.674722+00:00", "timestamp_unix": 1784908819.674722}
{"command": "OUTP OFF,(@1)", "duration_s": 0.0002550999997765757, "error": null, "operation": "write", "response": null, "timestamp_iso": "2026-07-24T16:00:19.841168+00:00", "timestamp_unix": 1784908819.8411684}
{"command": "SYST:ERR?", "duration_s": 0.001019100000121398, "error": null, "operation": "query", "response": "+0,\"No error\"", "timestamp_iso": "2026-07-24T16:00:19.844337+00:00", "timestamp_unix": 1784908819.8443375}
{"command": "*CLS", "duration_s": 9.379999937664252e-05, "error": null, "operation": "write", "response": null, "timestamp_iso": "2026-07-24T16:00:19.849783+00:00", "timestamp_unix": 1784908819.8497832}
{"command": "*WAI", "duration_s": 8.800000068731606e-05, "error": null, "operation": "write", "response": null, "timestamp_iso": "2026-07-24T16:00:19.853952+00:00", "timestamp_unix": 1784908819.8539517}
{"command": "SYST:ERR?", "duration_s": 0.0773377999994409, "error": null, "operation": "query", "response": "+0,\"No error\"", "timestamp_iso": "2026-07-24T16:00:19.858542+00:00", "timestamp_unix": 1784908819.8585417}
{"command": "*OPC?", "duration_s": 0.004364500000519911, "error": null, "operation": "query", "response": "1", "timestamp_iso": "2026-07-24T16:00:19.940201+00:00", "timestamp_unix": 1784908819.9402013}
{"command": "SYST:ERR?", "duration_s": 0.001104700000723824, "error": null, "operation": "query", "response": "+0,\"No error\"", "timestamp_iso": "2026-07-24T16:00:19.949257+00:00", "timestamp_unix": 1784908819.9492571}
{"command": "SYST:ERR?", "duration_s": 0.0009351999997306848, "error": null, "operation": "query", "response": "+0,\"No error\"", "timestamp_iso": "2026-07-24T16:00:19.954953+00:00", "timestamp_unix": 1784908819.9549527}
{"command": "OUTP OFF,(@1)", "duration_s": 7.750000077066943e-05, "error": null, "operation": "write", "response": null, "timestamp_iso": "2026-07-24T16:00:19.961868+00:00", "timestamp_unix": 1784908819.9618683}
{"command": "SYST:ERR?", "duration_s": 0.0009234999997715931, "error": null, "operation": "query", "response": "+0,\"No error\"", "timestamp_iso": "2026-07-24T16:00:19.966135+00:00", "timestamp_unix": 1784908819.9661348}
{"command": "OUTP OFF,(@1)", "duration_s": 0.00014559999908669852, "error": null, "operation": "write", "response": null, "timestamp_iso": "2026-07-24T16:00:19.973570+00:00", "timestamp_unix": 1784908819.9735703}
{"command": "SYST:ERR?", "duration_s": 0.001072799999747076, "error": null, "operation": "query", "response": "+0,\"No error\"", "timestamp_iso": "2026-07-24T16:00:19.978588+00:00", "timestamp_unix": 1784908819.9785879}
{"command": "VOLT 1,(@1)", "duration_s": 0.0001329000006080605, "error": null, "operation": "write", "response": null, "timestamp_iso": "2026-07-24T16:00:19.984616+00:00", "timestamp_unix": 1784908819.984616}
{"command": "SYST:ERR?", "duration_s": 0.0010955999987345422, "error": null, "operation": "query", "response": "+0,\"No error\"", "timestamp_iso": "2026-07-24T16:00:19.988276+00:00", "timestamp_unix": 1784908819.9882758}
{"command": "VOLT? (@1)", "duration_s": 0.000790299998698174, "error": null, "operation": "query", "response": "+1.000000E+00", "timestamp_iso": "2026-07-24T16:00:19.994683+00:00", "timestamp_unix": 1784908819.9946826}
{"command": "VOLT? (@1)", "duration_s": 0.0008515000008628704, "error": null, "operation": "query", "response": "+1.000000E+00", "timestamp_iso": "2026-07-24T16:00:20.001273+00:00", "timestamp_unix": 1784908820.0012727}
{"command": "SYST:ERR?", "duration_s": 0.0010580999987723771, "error": null, "operation": "query", "response": "+0,\"No error\"", "timestamp_iso": "2026-07-24T16:00:20.007817+00:00", "timestamp_unix": 1784908820.0078166}
{"command": "OUTP OFF,(@1)", "duration_s": 0.00011970000014116522, "error": null, "operation": "write", "response": null, "timestamp_iso": "2026-07-24T16:00:20.013388+00:00", "timestamp_unix": 1784908820.013388}
{"command": "SYST:ERR?", "duration_s": 0.0011045000010199146, "error": null, "operation": "query", "response": "+0,\"No error\"", "timestamp_iso": "2026-07-24T16:00:20.018325+00:00", "timestamp_unix": 1784908820.0183253}
{"command": "OUTP OFF,(@1)", "duration_s": 0.0001771000006556278, "error": null, "operation": "write", "response": null, "timestamp_iso": "2026-07-24T16:00:20.024734+00:00", "timestamp_unix": 1784908820.0247335}
{"command": "SYST:ERR?", "duration_s": 0.0011307999993732665, "error": null, "operation": "query", "response": "+0,\"No error\"", "timestamp_iso": "2026-07-24T16:00:20.028591+00:00", "timestamp_unix": 1784908820.028591}
{"command": "CURR 0.1,(@1)", "duration_s": 0.0006100999999034684, "error": null, "operation": "write", "response": null, "timestamp_iso": "2026-07-24T16:00:20.034609+00:00", "timestamp_unix": 1784908820.0346088}
{"command": "SYST:ERR?", "duration_s": 0.0009874000006675487, "error": null, "operation": "query", "response": "+0,\"No error\"", "timestamp_iso": "2026-07-24T16:00:20.039000+00:00", "timestamp_unix": 1784908820.0389996}
{"command": "CURR? (@1)", "duration_s": 0.0008344000016222708, "error": null, "operation": "query", "response": "+1.000000E-01", "timestamp_iso": "2026-07-24T16:00:20.048275+00:00", "timestamp_unix": 1784908820.0482748}
{"command": "CURR? (@1)", "duration_s": 0.0009049999989656499, "error": null, "operation": "query", "response": "+1.000000E-01", "timestamp_iso": "2026-07-24T16:00:20.054330+00:00", "timestamp_unix": 1784908820.05433}
{"command": "SYST:ERR?", "duration_s": 0.0009219000003213296, "error": null, "operation": "query", "response": "+0,\"No error\"", "timestamp_iso": "2026-07-24T16:00:20.062210+00:00", "timestamp_unix": 1784908820.0622103}
{"command": "OUTP OFF,(@1)", "duration_s": 0.0001539999993838137, "error": null, "operation": "write", "response": null, "timestamp_iso": "2026-07-24T16:00:20.070049+00:00", "timestamp_unix": 1784908820.070049}
{"command": "SYST:ERR?", "duration_s": 0.0009020999987114919, "error": null, "operation": "query", "response": "+0,\"No error\"", "timestamp_iso": "2026-07-24T16:00:20.072955+00:00", "timestamp_unix": 1784908820.072955}
{"command": "VOLT 1,(@1)", "duration_s": 0.00010429999929328915, "error": null, "operation": "write", "response": null, "timestamp_iso": "2026-07-24T16:00:20.078856+00:00", "timestamp_unix": 1784908820.078856}
{"command": "CURR 0.1,(@1)", "duration_s": 0.00011489999997138511, "error": null, "operation": "write", "response": null, "timestamp_iso": "2026-07-24T16:00:20.081600+00:00", "timestamp_unix": 1784908820.0816}
{"command": "VOLT:PROT 2,(@1)", "duration_s": 0.0001990000000660075, "error": null, "operation": "write", "response": null, "timestamp_iso": "2026-07-24T16:00:20.086972+00:00", "timestamp_unix": 1784908820.0869718}
{"command": "CURR:PROT:STAT ON,(@1)", "duration_s": 0.00011100000119768083, "error": null, "operation": "write", "response": null, "timestamp_iso": "2026-07-24T16:00:20.090491+00:00", "timestamp_unix": 1784908820.0904906}
{"command": "OUTP OFF,(@1)", "duration_s": 0.00013410000065050554, "error": null, "operation": "write", "response": null, "timestamp_iso": "2026-07-24T16:00:20.093951+00:00", "timestamp_unix": 1784908820.0939515}
{"command": "SYST:ERR?", "duration_s": 0.0009640999996918254, "error": null, "operation": "query", "response": "+0,\"No error\"", "timestamp_iso": "2026-07-24T16:00:20.096654+00:00", "timestamp_unix": 1784908820.0966542}
{"command": "OUTP? (@1)", "duration_s": 0.00090970000019297, "error": null, "operation": "query", "response": "0", "timestamp_iso": "2026-07-24T16:00:20.104176+00:00", "timestamp_unix": 1784908820.1041763}
{"command": "VOLT? (@1)", "duration_s": 0.001040500001181499, "error": null, "operation": "query", "response": "+1.000000E+00", "timestamp_iso": "2026-07-24T16:00:20.108708+00:00", "timestamp_unix": 1784908820.1087077}
{"command": "CURR? (@1)", "duration_s": 0.0008465999999316409, "error": null, "operation": "query", "response": "+1.000000E-01", "timestamp_iso": "2026-07-24T16:00:20.112524+00:00", "timestamp_unix": 1784908820.1125238}
{"command": "VOLT:PROT? (@1)", "duration_s": 0.0008976999997685198, "error": null, "operation": "query", "response": "+2.000000E+00", "timestamp_iso": "2026-07-24T16:00:20.116235+00:00", "timestamp_unix": 1784908820.1162355}
{"command": "CURR:PROT:STAT? (@1)", "duration_s": 0.000826599998617894, "error": null, "operation": "query", "response": "1", "timestamp_iso": "2026-07-24T16:00:20.120725+00:00", "timestamp_unix": 1784908820.120725}
{"command": "SYST:ERR?", "duration_s": 0.0010583000002952758, "error": null, "operation": "query", "response": "+0,\"No error\"", "timestamp_iso": "2026-07-24T16:00:20.128911+00:00", "timestamp_unix": 1784908820.1289105}
{"command": "OUTP OFF,(@1)", "duration_s": 0.00017470000057073776, "error": null, "operation": "write", "response": null, "timestamp_iso": "2026-07-24T16:00:20.134134+00:00", "timestamp_unix": 1784908820.1341343}
{"command": "SYST:ERR?", "duration_s": 0.0010170000005018665, "error": null, "operation": "query", "response": "+0,\"No error\"", "timestamp_iso": "2026-07-24T16:00:20.138170+00:00", "timestamp_unix": 1784908820.13817}
{"command": "OUTP OFF,(@1)", "duration_s": 0.00011579999954847153, "error": null, "operation": "write", "response": null, "timestamp_iso": "2026-07-24T16:00:20.143245+00:00", "timestamp_unix": 1784908820.143245}
{"command": "SYST:ERR?", "duration_s": 0.000969299999269424, "error": null, "operation": "query", "response": "+0,\"No error\"", "timestamp_iso": "2026-07-24T16:00:20.146967+00:00", "timestamp_unix": 1784908820.1469667}
{"command": "OUTP OFF,(@1)", "duration_s": 9.920000047713984e-05, "error": null, "operation": "write", "response": null, "timestamp_iso": "2026-07-24T16:00:20.152437+00:00", "timestamp_unix": 1784908820.1524367}
{"command": "SYST:ERR?", "duration_s": 0.0009536000015941681, "error": null, "operation": "query", "response": "+0,\"No error\"", "timestamp_iso": "2026-07-24T16:00:20.156880+00:00", "timestamp_unix": 1784908820.1568797}
{"command": "OUTP? (@1)", "duration_s": 0.0011056000003009103, "error": null, "operation": "query", "response": "0", "timestamp_iso": "2026-07-24T16:00:20.161747+00:00", "timestamp_unix": 1784908820.1617475}
{"command": "OUTP OFF,(@1)", "duration_s": 0.00012730000162264332, "error": null, "operation": "write", "response": null, "timestamp_iso": "2026-07-24T16:00:20.166676+00:00", "timestamp_unix": 1784908820.1666763}
{"command": "SYST:ERR?", "duration_s": 0.0011551000006875256, "error": null, "operation": "query", "response": "+0,\"No error\"", "timestamp_iso": "2026-07-24T16:00:20.169587+00:00", "timestamp_unix": 1784908820.1695871}
{"command": "OUTP OFF,(@1)", "duration_s": 0.0001250000004802132, "error": null, "operation": "write", "response": null, "timestamp_iso": "2026-07-24T16:00:20.175597+00:00", "timestamp_unix": 1784908820.1755974}
{"command": "SYST:ERR?", "duration_s": 0.0011063000001740875, "error": null, "operation": "query", "response": "+0,\"No error\"", "timestamp_iso": "2026-07-24T16:00:20.178779+00:00", "timestamp_unix": 1784908820.178779}
{"command": "OUTP OFF,(@1)", "duration_s": 0.0001560000000608852, "error": null, "operation": "write", "response": null, "timestamp_iso": "2026-07-24T16:00:20.184068+00:00", "timestamp_unix": 1784908820.1840684}
{"command": "SYST:ERR?", "duration_s": 0.0010930000007647322, "error": null, "operation": "query", "response": "+0,\"No error\"", "timestamp_iso": "2026-07-24T16:00:20.188590+00:00", "timestamp_unix": 1784908820.1885898}
{"command": "VOLT:PROT 2,(@1)", "duration_s": 0.0001940000001923181, "error": null, "operation": "write", "response": null, "timestamp_iso": "2026-07-24T16:00:20.193797+00:00", "timestamp_unix": 1784908820.193797}
{"command": "SYST:ERR?", "duration_s": 0.0011188999997102655, "error": null, "operation": "query", "response": "+0,\"No error\"", "timestamp_iso": "2026-07-24T16:00:20.199380+00:00", "timestamp_unix": 1784908820.1993802}
{"command": "VOLT:PROT? (@1)", "duration_s": 0.0010509000003366964, "error": null, "operation": "query", "response": "+2.000000E+00", "timestamp_iso": "2026-07-24T16:00:20.205298+00:00", "timestamp_unix": 1784908820.2052977}
{"command": "CURR:PROT:STAT ON,(@1)", "duration_s": 0.00013129999933880754, "error": null, "operation": "write", "response": null, "timestamp_iso": "2026-07-24T16:00:20.212147+00:00", "timestamp_unix": 1784908820.2121468}
{"command": "SYST:ERR?", "duration_s": 0.0010825999997905456, "error": null, "operation": "query", "response": "+0,\"No error\"", "timestamp_iso": "2026-07-24T16:00:20.215833+00:00", "timestamp_unix": 1784908820.2158332}
{"command": "CURR:PROT:STAT? (@1)", "duration_s": 0.0008160999987012474, "error": null, "operation": "query", "response": "1", "timestamp_iso": "2026-07-24T16:00:20.222437+00:00", "timestamp_unix": 1784908820.2224371}
{"command": "CURR:PROT:STAT OFF,(@1)", "duration_s": 0.00015349999921454582, "error": null, "operation": "write", "response": null, "timestamp_iso": "2026-07-24T16:00:20.227004+00:00", "timestamp_unix": 1784908820.2270038}
{"command": "SYST:ERR?", "duration_s": 0.0009416000011697179, "error": null, "operation": "query", "response": "+0,\"No error\"", "timestamp_iso": "2026-07-24T16:00:20.230534+00:00", "timestamp_unix": 1784908820.2305336}
{"command": "CURR:PROT:STAT? (@1)", "duration_s": 0.0009069000007002614, "error": null, "operation": "query", "response": "0", "timestamp_iso": "2026-07-24T16:00:20.236423+00:00", "timestamp_unix": 1784908820.236423}
{"command": "CURR:PROT:STAT? (@1)", "duration_s": 0.0008290999994642334, "error": null, "operation": "query", "response": "0", "timestamp_iso": "2026-07-24T16:00:20.242562+00:00", "timestamp_unix": 1784908820.2425623}
{"command": "SYST:ERR?", "duration_s": 0.0010127999994438142, "error": null, "operation": "query", "response": "+0,\"No error\"", "timestamp_iso": "2026-07-24T16:00:20.248925+00:00", "timestamp_unix": 1784908820.2489247}
{"command": "OUTP OFF,(@1)", "duration_s": 0.0001357000001007691, "error": null, "operation": "write", "response": null, "timestamp_iso": "2026-07-24T16:00:20.253677+00:00", "timestamp_unix": 1784908820.253677}
{"command": "SYST:ERR?", "duration_s": 0.0009350000000267755, "error": null, "operation": "query", "response": "+0,\"No error\"", "timestamp_iso": "2026-07-24T16:00:20.256940+00:00", "timestamp_unix": 1784908820.2569401}
{"command": "OUTP OFF,(@1)", "duration_s": 0.00010929999916697852, "error": null, "operation": "write", "response": null, "timestamp_iso": "2026-07-24T16:00:20.262047+00:00", "timestamp_unix": 1784908820.262047}
{"command": "SYST:ERR?", "duration_s": 0.00094600000011269, "error": null, "operation": "query", "response": "+0,\"No error\"", "timestamp_iso": "2026-07-24T16:00:20.264745+00:00", "timestamp_unix": 1784908820.2647448}
{"command": "MEAS:VOLT? (@1)", "duration_s": 0.02539740000065649, "error": null, "operation": "query", "response": "-1.084007E-04", "timestamp_iso": "2026-07-24T16:00:20.270390+00:00", "timestamp_unix": 1784908820.2703903}
{"command": "MEAS:CURR? (@1)", "duration_s": 0.027741199999582022, "error": null, "operation": "query", "response": "+3.595407E-04", "timestamp_iso": "2026-07-24T16:00:20.299778+00:00", "timestamp_unix": 1784908820.299778}
{"command": "MEAS:POW? (@1)", "duration_s": 5.268252900001244, "error": "N6700TimeoutError: VI_ERROR_TMO (-1073807339): Timeout expired before operation completed.", "operation": "query", "response": null, "timestamp_iso": "2026-07-24T16:00:20.333193+00:00", "timestamp_unix": 1784908820.333193}
{"command": "MEAS:VOLT? (@1)", "duration_s": 0.02771539999957895, "error": null, "operation": "query", "response": "+7.202384E-04", "timestamp_iso": "2026-07-24T16:00:25.605955+00:00", "timestamp_unix": 1784908825.6059546}
{"command": "MEAS:CURR? (@1)", "duration_s": 0.028355699998428463, "error": null, "operation": "query", "response": "+4.868375E-04", "timestamp_iso": "2026-07-24T16:00:25.637677+00:00", "timestamp_unix": 1784908825.6376774}
{"command": "MEAS:VOLT? (@1)", "duration_s": 0.026654600000256323, "error": null, "operation": "query", "response": "+4.569976E-04", "timestamp_iso": "2026-07-24T16:00:25.671046+00:00", "timestamp_unix": 1784908825.6710458}
{"command": "MEAS:CURR? (@1)", "duration_s": 0.02885980000064592, "error": null, "operation": "query", "response": "+4.948291E-04", "timestamp_iso": "2026-07-24T16:00:25.701231+00:00", "timestamp_unix": 1784908825.701231}
{"command": "MEAS:POW? (@1)", "duration_s": 5.248543199999403, "error": "N6700TimeoutError: VI_ERROR_TMO (-1073807339): Timeout expired before operation completed.", "operation": "query", "response": null, "timestamp_iso": "2026-07-24T16:00:25.734356+00:00", "timestamp_unix": 1784908825.7343557}
{"command": "MEAS:VOLT? (@1)", "duration_s": 0.028125299999373965, "error": null, "operation": "query", "response": "+1.154213E-03", "timestamp_iso": "2026-07-24T16:00:30.987512+00:00", "timestamp_unix": 1784908830.9875124}
{"command": "MEAS:CURR? (@1)", "duration_s": 0.0261475999996037, "error": null, "operation": "query", "response": "+4.476542E-04", "timestamp_iso": "2026-07-24T16:00:31.019789+00:00", "timestamp_unix": 1784908831.0197892}
{"command": "MEAS:VOLT? (@1)", "duration_s": 0.027125599999635597, "error": null, "operation": "query", "response": "+1.684808E-03", "timestamp_iso": "2026-07-24T16:00:31.052579+00:00", "timestamp_unix": 1784908831.052579}
{"command": "MEAS:CURR? (@1)", "duration_s": 0.027043599999160506, "error": null, "operation": "query", "response": "+4.403736E-04", "timestamp_iso": "2026-07-24T16:00:31.082776+00:00", "timestamp_unix": 1784908831.0827763}
{"command": "MEAS:POW? (@1)", "duration_s": 5.262160299998868, "error": "N6700TimeoutError: VI_ERROR_TMO (-1073807339): Timeout expired before operation completed.", "operation": "query", "response": null, "timestamp_iso": "2026-07-24T16:00:31.113444+00:00", "timestamp_unix": 1784908831.1134436}
{"command": "MEAS:VOLT? (@1)", "duration_s": 0.02716809999947145, "error": null, "operation": "query", "response": "+1.657504E-03", "timestamp_iso": "2026-07-24T16:00:36.380390+00:00", "timestamp_unix": 1784908836.3803902}
{"command": "MEAS:CURR? (@1)", "duration_s": 0.02624649999961548, "error": null, "operation": "query", "response": "+4.516236E-04", "timestamp_iso": "2026-07-24T16:00:36.411415+00:00", "timestamp_unix": 1784908836.4114149}
{"command": "MEAS:VOLT? (@2)", "duration_s": 0.02647609999985434, "error": null, "operation": "query", "response": "+7.640996E-05", "timestamp_iso": "2026-07-24T16:00:36.443241+00:00", "timestamp_unix": 1784908836.4432411}
{"command": "MEAS:CURR? (@2)", "duration_s": 0.026768600000650622, "error": null, "operation": "query", "response": "-5.671848E-04", "timestamp_iso": "2026-07-24T16:00:36.472949+00:00", "timestamp_unix": 1784908836.472949}
{"command": "MEAS:POW? (@2)", "duration_s": 5.258938799999669, "error": "N6700TimeoutError: VI_ERROR_TMO (-1073807339): Timeout expired before operation completed.", "operation": "query", "response": null, "timestamp_iso": "2026-07-24T16:00:36.503587+00:00", "timestamp_unix": 1784908836.5035872}
{"command": "MEAS:VOLT? (@2)", "duration_s": 0.02540429999862681, "error": null, "operation": "query", "response": "+8.235178E-04", "timestamp_iso": "2026-07-24T16:00:41.766494+00:00", "timestamp_unix": 1784908841.766494}
{"command": "MEAS:CURR? (@2)", "duration_s": 0.02798129999973753, "error": null, "operation": "query", "response": "-5.498190E-04", "timestamp_iso": "2026-07-24T16:00:41.795945+00:00", "timestamp_unix": 1784908841.7959454}
{"command": "OUTP OFF,(@1)", "duration_s": 0.0001171000003523659, "error": null, "operation": "write", "response": null, "timestamp_iso": "2026-07-24T16:00:41.836275+00:00", "timestamp_unix": 1784908841.8362749}
{"command": "SYST:ERR?", "duration_s": 0.0016778999997768551, "error": null, "operation": "query", "response": "+310,\"The command is not supported by this model\"", "timestamp_iso": "2026-07-24T16:00:41.842346+00:00", "timestamp_unix": 1784908841.8423457}
{"command": "SYST:ERR?", "duration_s": 0.0013756999996985542, "error": null, "operation": "query", "response": "-420,\"Query UNTERMINATED\"", "timestamp_iso": "2026-07-24T16:00:41.847623+00:00", "timestamp_unix": 1784908841.847623}
{"command": "SYST:ERR?", "duration_s": 0.001705700000457, "error": null, "operation": "query", "response": "+310,\"The command is not supported by this model\"", "timestamp_iso": "2026-07-24T16:00:41.852283+00:00", "timestamp_unix": 1784908841.8522828}
{"command": "SYST:ERR?", "duration_s": 0.0013906000003771624, "error": null, "operation": "query", "response": "-420,\"Query UNTERMINATED\"", "timestamp_iso": "2026-07-24T16:00:41.857165+00:00", "timestamp_unix": 1784908841.8571653}
{"command": "SYST:ERR?", "duration_s": 0.0019237000014982186, "error": null, "operation": "query", "response": "+310,\"The command is not supported by this model\"", "timestamp_iso": "2026-07-24T16:00:41.860949+00:00", "timestamp_unix": 1784908841.860949}
{"command": "SYST:ERR?", "duration_s": 0.0013662999990629032, "error": null, "operation": "query", "response": "-420,\"Query UNTERMINATED\"", "timestamp_iso": "2026-07-24T16:00:41.866989+00:00", "timestamp_unix": 1784908841.8669891}
{"command": "SYST:ERR?", "duration_s": 0.0019869999996444676, "error": null, "operation": "query", "response": "+310,\"The command is not supported by this model\"", "timestamp_iso": "2026-07-24T16:00:41.871462+00:00", "timestamp_unix": 1784908841.8714623}
{"command": "SYST:ERR?", "duration_s": 0.001218499999595224, "error": null, "operation": "query", "response": "-420,\"Query UNTERMINATED\"", "timestamp_iso": "2026-07-24T16:00:41.876852+00:00", "timestamp_unix": 1784908841.8768523}
{"command": "SYST:ERR?", "duration_s": 0.0011653999990812736, "error": null, "operation": "query", "response": "+0,\"No error\"", "timestamp_iso": "2026-07-24T16:00:41.881330+00:00", "timestamp_unix": 1784908841.8813305}
{"command": "OUTP OFF,(@1)", "duration_s": 0.00018029999955615494, "error": null, "operation": "write", "response": null, "timestamp_iso": "2026-07-24T16:00:41.989691+00:00", "timestamp_unix": 1784908841.989691}
{"command": "SYST:ERR?", "duration_s": 0.0013225000002421439, "error": null, "operation": "query", "response": "+0,\"No error\"", "timestamp_iso": "2026-07-24T16:00:41.993683+00:00", "timestamp_unix": 1784908841.9936829}
{"command": "MEAS:VOLT? (@1)", "duration_s": 0.02674049999950512, "error": null, "operation": "query", "response": "+9.427245E-04", "timestamp_iso": "2026-07-24T16:00:41.998980+00:00", "timestamp_unix": 1784908841.9989796}
{"command": "MEAS:CURR? (@1)", "duration_s": 0.026561900000160676, "error": null, "operation": "query", "response": "+4.541231E-04", "timestamp_iso": "2026-07-24T16:00:42.031053+00:00", "timestamp_unix": 1784908842.0310526}
{"command": "MEAS:POW? (@1)", "duration_s": 5.267082699998355, "error": "N6700TimeoutError: VI_ERROR_TMO (-1073807339): Timeout expired before operation completed.", "operation": "query", "response": null, "timestamp_iso": "2026-07-24T16:00:42.062630+00:00", "timestamp_unix": 1784908842.0626302}
{"command": "MEAS:VOLT? (@1)", "duration_s": 0.028106300000217743, "error": null, "operation": "query", "response": "+1.229318E-03", "timestamp_iso": "2026-07-24T16:00:47.333747+00:00", "timestamp_unix": 1784908847.333747}
{"command": "MEAS:CURR? (@1)", "duration_s": 0.026354199999332195, "error": null, "operation": "query", "response": "+4.159654E-04", "timestamp_iso": "2026-07-24T16:00:47.367470+00:00", "timestamp_unix": 1784908847.3674698}
{"command": "MEAS:VOLT? (@1)", "duration_s": 0.028401199999279925, "error": null, "operation": "query", "response": "+3.567003E-04", "timestamp_iso": "2026-07-24T16:00:47.435263+00:00", "timestamp_unix": 1784908847.4352627}
{"command": "MEAS:CURR? (@1)", "duration_s": 0.027813699998660013, "error": null, "operation": "query", "response": "+4.110453E-04", "timestamp_iso": "2026-07-24T16:00:47.467815+00:00", "timestamp_unix": 1784908847.467815}
{"command": "MEAS:POW? (@1)", "duration_s": 5.263874299998861, "error": "N6700TimeoutError: VI_ERROR_TMO (-1073807339): Timeout expired before operation completed.", "operation": "query", "response": null, "timestamp_iso": "2026-07-24T16:00:47.504332+00:00", "timestamp_unix": 1784908847.5043318}
{"command": "MEAS:VOLT? (@1)", "duration_s": 0.027576000000408385, "error": null, "operation": "query", "response": "+7.351266E-04", "timestamp_iso": "2026-07-24T16:00:52.772520+00:00", "timestamp_unix": 1784908852.7725203}
{"command": "MEAS:CURR? (@1)", "duration_s": 0.027634699999907752, "error": null, "operation": "query", "response": "+4.217268E-04", "timestamp_iso": "2026-07-24T16:00:52.804211+00:00", "timestamp_unix": 1784908852.804211}
{"command": "MEAS:VOLT? (@1)", "duration_s": 0.027762700001403573, "error": null, "operation": "query", "response": "+4.756825E-04", "timestamp_iso": "2026-07-24T16:00:52.838251+00:00", "timestamp_unix": 1784908852.838251}
{"command": "OUTP OFF,(@1)", "duration_s": 0.00014369999917107634, "error": null, "operation": "write", "response": null, "timestamp_iso": "2026-07-24T16:00:52.872590+00:00", "timestamp_unix": 1784908852.8725898}
{"command": "SYST:ERR?", "duration_s": 0.0019527000004018191, "error": null, "operation": "query", "response": "+310,\"The command is not supported by this model\"", "timestamp_iso": "2026-07-24T16:00:52.877009+00:00", "timestamp_unix": 1784908852.877009}
{"command": "SYST:ERR?", "duration_s": 0.0013331999998626998, "error": null, "operation": "query", "response": "-420,\"Query UNTERMINATED\"", "timestamp_iso": "2026-07-24T16:00:52.881612+00:00", "timestamp_unix": 1784908852.8816118}
{"command": "SYST:ERR?", "duration_s": 0.0022131999994599028, "error": null, "operation": "query", "response": "+310,\"The command is not supported by this model\"", "timestamp_iso": "2026-07-24T16:00:52.885492+00:00", "timestamp_unix": 1784908852.8854923}
{"command": "SYST:ERR?", "duration_s": 0.001182899999548681, "error": null, "operation": "query", "response": "-420,\"Query UNTERMINATED\"", "timestamp_iso": "2026-07-24T16:00:52.890343+00:00", "timestamp_unix": 1784908852.890343}
{"command": "SYST:ERR?", "duration_s": 0.0011558999995031627, "error": null, "operation": "query", "response": "+0,\"No error\"", "timestamp_iso": "2026-07-24T16:00:52.893959+00:00", "timestamp_unix": 1784908852.8939588}
{"command": "OUTP OFF,(@1)", "duration_s": 0.00014100000043981709, "error": null, "operation": "write", "response": null, "timestamp_iso": "2026-07-24T16:00:52.900245+00:00", "timestamp_unix": 1784908852.9002447}
{"command": "SYST:ERR?", "duration_s": 0.0009325999999418855, "error": null, "operation": "query", "response": "+0,\"No error\"", "timestamp_iso": "2026-07-24T16:00:52.903024+00:00", "timestamp_unix": 1784908852.9030237}
{"command": "STAT:QUES:COND? (@1)", "duration_s": 0.0010676000001694774, "error": null, "operation": "query", "response": "+0", "timestamp_iso": "2026-07-24T16:00:52.908646+00:00", "timestamp_unix": 1784908852.9086459}
{"command": "STAT:QUES:COND? (@1)", "duration_s": 0.0008182999990822282, "error": null, "operation": "query", "response": "+0", "timestamp_iso": "2026-07-24T16:00:52.914738+00:00", "timestamp_unix": 1784908852.9147382}
{"command": "STAT:QUES:COND? (@1)", "duration_s": 0.0007786999995005317, "error": null, "operation": "query", "response": "+0", "timestamp_iso": "2026-07-24T16:00:52.919109+00:00", "timestamp_unix": 1784908852.9191086}
{"command": "OUTP? (@1)", "duration_s": 0.001143400000728434, "error": null, "operation": "query", "response": "0", "timestamp_iso": "2026-07-24T16:00:52.923641+00:00", "timestamp_unix": 1784908852.9236414}
{"command": "OUTP OFF,(@1)", "duration_s": 0.00021699999888369348, "error": null, "operation": "write", "response": null, "timestamp_iso": "2026-07-24T16:00:52.928901+00:00", "timestamp_unix": 1784908852.9289014}
{"command": "OUTP:PROT:CLE (@1)", "duration_s": 0.00011219999942113645, "error": null, "operation": "write", "response": null, "timestamp_iso": "2026-07-24T16:00:52.932796+00:00", "timestamp_unix": 1784908852.9327962}
{"command": "STAT:QUES:COND? (@1)", "duration_s": 0.000954999999521533, "error": null, "operation": "query", "response": "+0", "timestamp_iso": "2026-07-24T16:00:52.936891+00:00", "timestamp_unix": 1784908852.9368913}
{"command": "OUTP? (@1)", "duration_s": 0.0007599000000482192, "error": null, "operation": "query", "response": "0", "timestamp_iso": "2026-07-24T16:00:52.942067+00:00", "timestamp_unix": 1784908852.942067}
{"command": "SYST:ERR?", "duration_s": 0.0009776999995665392, "error": null, "operation": "query", "response": "+0,\"No error\"", "timestamp_iso": "2026-07-24T16:00:52.946300+00:00", "timestamp_unix": 1784908852.9463003}
{"command": "OUTP? (@1)", "duration_s": 0.0007421999998769024, "error": null, "operation": "query", "response": "0", "timestamp_iso": "2026-07-24T16:00:52.952639+00:00", "timestamp_unix": 1784908852.9526386}
{"command": "SYST:ERR?", "duration_s": 0.0010729000005085254, "error": null, "operation": "query", "response": "+0,\"No error\"", "timestamp_iso": "2026-07-24T16:00:52.958456+00:00", "timestamp_unix": 1784908852.9584563}
{"command": "OUTP OFF,(@1)", "duration_s": 0.00010929999916697852, "error": null, "operation": "write", "response": null, "timestamp_iso": "2026-07-24T16:00:52.964241+00:00", "timestamp_unix": 1784908852.9642406}
{"command": "SYST:ERR?", "duration_s": 0.001389399998515728, "error": null, "operation": "query", "response": "+0,\"No error\"", "timestamp_iso": "2026-07-24T16:00:52.969447+00:00", "timestamp_unix": 1784908852.9694467}
{"command": "*CLS", "duration_s": 0.00015179999900283292, "error": null, "operation": "write", "response": null, "timestamp_iso": "2026-07-24T16:00:52.975995+00:00", "timestamp_unix": 1784908852.9759948}
{"command": "N6775A:INVALID:COMMAND", "duration_s": 0.0001832999987527728, "error": null, "operation": "write", "response": null, "timestamp_iso": "2026-07-24T16:00:52.980135+00:00", "timestamp_unix": 1784908852.9801354}
{"command": "SYST:ERR?", "duration_s": 0.0012894000010419404, "error": null, "operation": "query", "response": "-113,\"Undefined header\"", "timestamp_iso": "2026-07-24T16:00:52.984667+00:00", "timestamp_unix": 1784908852.9846673}
{"command": "SYST:ERR?", "duration_s": 0.0009853999999904772, "error": null, "operation": "query", "response": "+0,\"No error\"", "timestamp_iso": "2026-07-24T16:00:52.990791+00:00", "timestamp_unix": 1784908852.9907906}
{"command": "*IDN?", "duration_s": 0.0007380000006378395, "error": null, "operation": "query", "response": "Agilent Technologies,N6700B,MY43014421,D.04.10", "timestamp_iso": "2026-07-24T16:00:52.996953+00:00", "timestamp_unix": 1784908852.996953}
{"command": "SYST:ERR?", "duration_s": 0.0008727999993425328, "error": null, "operation": "query", "response": "+0,\"No error\"", "timestamp_iso": "2026-07-24T16:00:53.002226+00:00", "timestamp_unix": 1784908853.0022259}
{"command": "OUTP OFF,(@1)", "duration_s": 0.00011559999984456226, "error": null, "operation": "write", "response": null, "timestamp_iso": "2026-07-24T16:00:53.007492+00:00", "timestamp_unix": 1784908853.0074923}
{"command": "SYST:ERR?", "duration_s": 0.0009501999993517529, "error": null, "operation": "query", "response": "+0,\"No error\"", "timestamp_iso": "2026-07-24T16:00:53.010548+00:00", "timestamp_unix": 1784908853.0105476}
{"command": "SYST:ERR?", "duration_s": 0.0009205000005749753, "error": null, "operation": "query", "response": "+0,\"No error\"", "timestamp_iso": "2026-07-24T16:00:53.020379+00:00", "timestamp_unix": 1784908853.0203786}
{"command": "OUTP OFF,(@1)", "duration_s": 0.00011339999946358148, "error": null, "operation": "write", "response": null, "timestamp_iso": "2026-07-24T16:00:53.026910+00:00", "timestamp_unix": 1784908853.0269103}
{"command": "SYST:ERR?", "duration_s": 0.0010652999990270473, "error": null, "operation": "query", "response": "+0,\"No error\"", "timestamp_iso": "2026-07-24T16:00:53.030051+00:00", "timestamp_unix": 1784908853.0300515}
{"command": "SYST:ERR?", "duration_s": 0.0010918999996647472, "error": null, "operation": "query", "response": "+0,\"No error\"", "timestamp_iso": "2026-07-24T16:00:53.051805+00:00", "timestamp_unix": 1784908853.0518053}
{"command": "OUTP OFF,(@1)", "duration_s": 0.00011950000043725595, "error": null, "operation": "write", "response": null, "timestamp_iso": "2026-07-24T16:00:53.058141+00:00", "timestamp_unix": 1784908853.0581408}
{"command": "SYST:ERR?", "duration_s": 0.0009174000006169081, "error": null, "operation": "query", "response": "+0,\"No error\"", "timestamp_iso": "2026-07-24T16:00:53.062015+00:00", "timestamp_unix": 1784908853.062015}
{"command": "OUTP OFF,(@1)", "duration_s": 0.00013720000060857274, "error": null, "operation": "write", "response": null, "timestamp_iso": "2026-07-24T16:00:53.069635+00:00", "timestamp_unix": 1784908853.0696354}
{"command": "SYST:ERR?", "duration_s": 0.0012132000010751653, "error": null, "operation": "query", "response": "+0,\"No error\"", "timestamp_iso": "2026-07-24T16:00:53.074281+00:00", "timestamp_unix": 1784908853.0742807}
{"command": "OUTP OFF,(@1)", "duration_s": 0.0001661000005697133, "error": null, "operation": "write", "response": null, "timestamp_iso": "2026-07-24T16:00:53.082547+00:00", "timestamp_unix": 1784908853.0825472}
{"command": "SYST:ERR?", "duration_s": 0.0008907999999792082, "error": null, "operation": "query", "response": "+0,\"No error\"", "timestamp_iso": "2026-07-24T16:00:53.086247+00:00", "timestamp_unix": 1784908853.086247}
{"command": "OUTP OFF,(@1)", "duration_s": 0.00011050000102841295, "error": null, "operation": "write", "response": null, "timestamp_iso": "2026-07-24T16:00:53.091008+00:00", "timestamp_unix": 1784908853.0910084}
{"command": "OUTP OFF,(@2)", "duration_s": 0.00013779999972030055, "error": null, "operation": "write", "response": null, "timestamp_iso": "2026-07-24T16:00:53.093724+00:00", "timestamp_unix": 1784908853.0937243}
{"command": "OUTP? (@1)", "duration_s": 0.0007552999995823484, "error": null, "operation": "query", "response": "0", "timestamp_iso": "2026-07-24T16:00:53.097001+00:00", "timestamp_unix": 1784908853.0970006}
{"command": "OUTP OFF,(@1)", "duration_s": 0.0002173000011680415, "error": null, "operation": "write", "response": null, "timestamp_iso": "2026-07-24T16:00:53.103403+00:00", "timestamp_unix": 1784908853.1034026}
{"command": "SYST:ERR?", "duration_s": 0.0011313999984849943, "error": null, "operation": "query", "response": "+0,\"No error\"", "timestamp_iso": "2026-07-24T16:00:53.108867+00:00", "timestamp_unix": 1784908853.1088672}
{"command": "OUTP OFF,(@1)", "duration_s": 0.000121900000522146, "error": null, "operation": "write", "response": null, "timestamp_iso": "2026-07-24T16:00:53.114434+00:00", "timestamp_unix": 1784908853.1144335}
{"command": "OUTP OFF,(@2)", "duration_s": 0.000128099998619291, "error": null, "operation": "write", "response": null, "timestamp_iso": "2026-07-24T16:00:53.118331+00:00", "timestamp_unix": 1784908853.1183314}
{"command": "*IDN?", "duration_s": 0.0006407000000763219, "error": null, "operation": "query", "response": "Agilent Technologies,N6700B,MY43014421,D.04.10", "timestamp_iso": "2026-07-24T16:00:53.138428+00:00", "timestamp_unix": 1784908853.138428}
{"command": "SYST:ERR?", "duration_s": 0.0011481999990792247, "error": null, "operation": "query", "response": "+0,\"No error\"", "timestamp_iso": "2026-07-24T16:00:53.144348+00:00", "timestamp_unix": 1784908853.144348}
{"command": "SYST:CHAN:COUN?", "duration_s": 0.0007296000003407244, "error": null, "operation": "query", "response": "+2", "timestamp_iso": "2026-07-24T16:00:53.149287+00:00", "timestamp_unix": 1784908853.1492865}
{"command": "SYST:CHAN:MOD? (@1)", "duration_s": 0.003387500000826549, "error": null, "operation": "query", "response": "N6775A", "timestamp_iso": "2026-07-24T16:00:53.153216+00:00", "timestamp_unix": 1784908853.153216}
{"command": "SYST:CHAN:OPT? (@1)", "duration_s": 0.011266600000453764, "error": null, "operation": "query", "response": "\"\"", "timestamp_iso": "2026-07-24T16:00:53.160690+00:00", "timestamp_unix": 1784908853.1606898}
{"command": "SYST:CHAN:MOD? (@2)", "duration_s": 0.0029589999994641403, "error": null, "operation": "query", "response": "N6775A", "timestamp_iso": "2026-07-24T16:00:53.176006+00:00", "timestamp_unix": 1784908853.1760058}
{"command": "SYST:CHAN:OPT? (@2)", "duration_s": 0.011559000000488595, "error": null, "operation": "query", "response": "\"\"", "timestamp_iso": "2026-07-24T16:00:53.181839+00:00", "timestamp_unix": 1784908853.1818385}
{"command": "OUTP OFF,(@1)", "duration_s": 0.000207199998840224, "error": null, "operation": "write", "response": null, "timestamp_iso": "2026-07-24T16:00:53.199968+00:00", "timestamp_unix": 1784908853.1999679}
{"command": "OUTP OFF,(@2)", "duration_s": 0.00010250000013911631, "error": null, "operation": "write", "response": null, "timestamp_iso": "2026-07-24T16:00:53.204937+00:00", "timestamp_unix": 1784908853.2049375}
{"command": "*IDN?", "duration_s": 0.0008039000003918773, "error": null, "operation": "query", "response": "Agilent Technologies,N6700B,MY43014421,D.04.10", "timestamp_iso": "2026-07-24T16:00:53.223854+00:00", "timestamp_unix": 1784908853.2238543}
{"command": "SYST:ERR?", "duration_s": 0.0010848000001715263, "error": null, "operation": "query", "response": "+0,\"No error\"", "timestamp_iso": "2026-07-24T16:00:53.228598+00:00", "timestamp_unix": 1784908853.2285984}
{"command": "SYST:CHAN:COUN?", "duration_s": 0.0007320000004256144, "error": null, "operation": "query", "response": "+2", "timestamp_iso": "2026-07-24T16:00:53.232727+00:00", "timestamp_unix": 1784908853.2327273}
{"command": "SYST:CHAN:MOD? (@1)", "duration_s": 0.002846399998816196, "error": null, "operation": "query", "response": "N6775A", "timestamp_iso": "2026-07-24T16:00:53.237057+00:00", "timestamp_unix": 1784908853.2370567}
{"command": "SYST:CHAN:OPT? (@1)", "duration_s": 0.011325200001010671, "error": null, "operation": "query", "response": "\"\"", "timestamp_iso": "2026-07-24T16:00:53.243798+00:00", "timestamp_unix": 1784908853.2437985}
{"command": "SYST:CHAN:MOD? (@2)", "duration_s": 0.0027424999989307253, "error": null, "operation": "query", "response": "N6775A", "timestamp_iso": "2026-07-24T16:00:53.259217+00:00", "timestamp_unix": 1784908853.2592168}
{"command": "SYST:CHAN:OPT? (@2)", "duration_s": 0.011214999998628628, "error": null, "operation": "query", "response": "\"\"", "timestamp_iso": "2026-07-24T16:00:53.265846+00:00", "timestamp_unix": 1784908853.2658463}
{"command": "OUTP OFF,(@1)", "duration_s": 0.00016289999985019676, "error": null, "operation": "write", "response": null, "timestamp_iso": "2026-07-24T16:00:53.282513+00:00", "timestamp_unix": 1784908853.2825134}
{"command": "SYST:ERR?", "duration_s": 0.0009232000011252239, "error": null, "operation": "query", "response": "+0,\"No error\"", "timestamp_iso": "2026-07-24T16:00:53.284788+00:00", "timestamp_unix": 1784908853.2847881}
{"command": "OUTP OFF,(@1)", "duration_s": 0.00016969999887805898, "error": null, "operation": "write", "response": null, "timestamp_iso": "2026-07-24T16:00:53.354495+00:00", "timestamp_unix": 1784908853.354495}
{"command": "SYST:ERR?", "duration_s": 0.001192300000184332, "error": null, "operation": "query", "response": "+0,\"No error\"", "timestamp_iso": "2026-07-24T16:00:53.357830+00:00", "timestamp_unix": 1784908853.3578298}
{"command": "OUTP OFF,(@1)", "duration_s": 0.0001421999986632727, "error": null, "operation": "write", "response": null, "timestamp_iso": "2026-07-24T16:00:53.364070+00:00", "timestamp_unix": 1784908853.3640702}
{"command": "OUTP OFF,(@2)", "duration_s": 0.00015929999972286168, "error": null, "operation": "write", "response": null, "timestamp_iso": "2026-07-24T16:00:53.366462+00:00", "timestamp_unix": 1784908853.3664618}
{"command": "OUTP OFF,(@1)", "duration_s": 0.00019700000120792538, "error": null, "operation": "write", "response": null, "timestamp_iso": "2026-07-24T16:00:53.369930+00:00", "timestamp_unix": 1784908853.3699296}
{"command": "SYST:ERR?", "duration_s": 0.0009871000002021901, "error": null, "operation": "query", "response": "+0,\"No error\"", "timestamp_iso": "2026-07-24T16:00:53.373013+00:00", "timestamp_unix": 1784908853.3730125}
{"command": "VOLT 0,(@1)", "duration_s": 0.00010409999958937988, "error": null, "operation": "write", "response": null, "timestamp_iso": "2026-07-24T16:00:53.378155+00:00", "timestamp_unix": 1784908853.3781548}
{"command": "SYST:ERR?", "duration_s": 0.0011252000003878493, "error": null, "operation": "query", "response": "+0,\"No error\"", "timestamp_iso": "2026-07-24T16:00:53.380730+00:00", "timestamp_unix": 1784908853.3807304}
{"command": "CURR 0.1,(@1)", "duration_s": 0.0002967999989778036, "error": null, "operation": "write", "response": null, "timestamp_iso": "2026-07-24T16:00:53.386121+00:00", "timestamp_unix": 1784908853.3861206}
{"command": "SYST:ERR?", "duration_s": 0.0010939000003418187, "error": null, "operation": "query", "response": "+0,\"No error\"", "timestamp_iso": "2026-07-24T16:00:53.391594+00:00", "timestamp_unix": 1784908853.3915937}
{"command": "VOLT:PROT 60,(@1)", "duration_s": 0.00015770000027259812, "error": null, "operation": "write", "response": null, "timestamp_iso": "2026-07-24T16:00:53.398090+00:00", "timestamp_unix": 1784908853.3980901}
{"command": "SYST:ERR?", "duration_s": 0.0010588999994070036, "error": null, "operation": "query", "response": "+0,\"No error\"", "timestamp_iso": "2026-07-24T16:00:53.402137+00:00", "timestamp_unix": 1784908853.4021373}
{"command": "CURR:PROT:STAT OFF,(@1)", "duration_s": 0.00025430000096093863, "error": null, "operation": "write", "response": null, "timestamp_iso": "2026-07-24T16:00:53.409343+00:00", "timestamp_unix": 1784908853.409343}
{"command": "SYST:ERR?", "duration_s": 0.0012606999989657197, "error": null, "operation": "query", "response": "+0,\"No error\"", "timestamp_iso": "2026-07-24T16:00:53.413392+00:00", "timestamp_unix": 1784908853.4133923}
{"command": "VOLT 10,(@1)", "duration_s": 8.920000072976109e-05, "error": null, "operation": "write", "response": null, "timestamp_iso": "2026-07-24T16:00:53.419005+00:00", "timestamp_unix": 1784908853.4190052}
{"command": "SYST:ERR?", "duration_s": 0.0010139000005437993, "error": null, "operation": "query", "response": "+0,\"No error\"", "timestamp_iso": "2026-07-24T16:00:53.423056+00:00", "timestamp_unix": 1784908853.423056}
{"command": "OUTP OFF,(@1)", "duration_s": 9.789999967324547e-05, "error": null, "operation": "write", "response": null, "timestamp_iso": "2026-07-24T16:00:53.428575+00:00", "timestamp_unix": 1784908853.4285746}
{"command": "SYST:ERR?", "duration_s": 0.0009797000002436107, "error": null, "operation": "query", "response": "+0,\"No error\"", "timestamp_iso": "2026-07-24T16:00:53.432758+00:00", "timestamp_unix": 1784908853.4327576}
{"command": "OUTP OFF,(@1)", "duration_s": 0.00013899999976274557, "error": null, "operation": "write", "response": null, "timestamp_iso": "2026-07-24T16:00:53.437519+00:00", "timestamp_unix": 1784908853.4375193}
{"command": "OUTP OFF,(@2)", "duration_s": 0.00012649999916902743, "error": null, "operation": "write", "response": null, "timestamp_iso": "2026-07-24T16:00:53.441503+00:00", "timestamp_unix": 1784908853.4415028}
