{"command": "*IDN?", "duration_s": 0.0007055000169202685, "error": null, "operation": "query", "response": "Agilent Technologies,N6700B,MY43014421,D.04.10", "timestamp_iso": "2026-07-27T11:16:11.616318+00:00", "timestamp_unix": 1785150971.6163185}
{"command": "SYST:ERR?", "duration_s": 0.0011754999868571758, "error": null, "operation": "query", "response": "+0,\"No error\"", "timestamp_iso": "2026-07-27T11:16:11.636774+00:00", "timestamp_unix": 1785150971.6367738}
{"command": "SYST:CHAN:COUN?", "duration_s": 0.0007847000088077039, "error": null, "operation": "query", "response": "+2", "timestamp_iso": "2026-07-27T11:16:11.681552+00:00", "timestamp_unix": 1785150971.6815517}
{"command": "SYST:CHAN:MOD? (@1)", "duration_s": 0.0028949000115972012, "error": null, "operation": "query", "response": "N6775A", "timestamp_iso": "2026-07-27T11:16:11.728245+00:00", "timestamp_unix": 1785150971.7282445}
{"command": "SYST:CHAN:OPT? (@1)", "duration_s": 0.011555899982340634, "error": null, "operation": "query", "response": "\"\"", "timestamp_iso": "2026-07-27T11:16:11.772782+00:00", "timestamp_unix": 1785150971.7727823}
{"command": "SYST:CHAN:MOD? (@2)", "duration_s": 0.0033696000173222274, "error": null, "operation": "query", "response": "N6775A", "timestamp_iso": "2026-07-27T11:16:11.811882+00:00", "timestamp_unix": 1785150971.811882}
{"command": "SYST:CHAN:OPT? (@2)", "duration_s": 0.011350200016750023, "error": null, "operation": "query", "response": "\"\"", "timestamp_iso": "2026-07-27T11:16:11.851923+00:00", "timestamp_unix": 1785150971.8519228}
{"command": "SYST:ERR?", "duration_s": 0.0009439999994356185, "error": null, "operation": "query", "response": "+0,\"No error\"", "timestamp_iso": "2026-07-27T11:16:11.917922+00:00", "timestamp_unix": 1785150971.9179218}
{"command": "SYST:CHAN:MOD? (@1)", "duration_s": 0.0028122000221628696, "error": null, "operation": "query", "response": "N6775A", "timestamp_iso": "2026-07-27T11:16:12.567513+00:00", "timestamp_unix": 1785150972.5675132}
{"command": "SYST:CHAN:SER? (@1)", "duration_s": 0.003420099994400516, "error": null, "operation": "query", "response": "MY45001931", "timestamp_iso": "2026-07-27T11:16:12.574797+00:00", "timestamp_unix": 1785150972.5747974}
{"command": "SYST:CHAN:OPT? (@1)", "duration_s": 0.011333700007526204, "error": null, "operation": "query", "response": "\"\"", "timestamp_iso": "2026-07-27T11:16:12.582895+00:00", "timestamp_unix": 1785150972.5828953}
{"command": "OUTP? (@1)", "duration_s": 0.0008144000021275133, "error": null, "operation": "query", "response": "0", "timestamp_iso": "2026-07-27T11:16:12.609272+00:00", "timestamp_unix": 1785150972.6092722}
{"command": "VOLT? (@1)", "duration_s": 0.0010326000046916306, "error": null, "operation": "query", "response": "+7.000000E-02", "timestamp_iso": "2026-07-27T11:16:12.615103+00:00", "timestamp_unix": 1785150972.6151025}
{"command": "CURR? (@1)", "duration_s": 0.0009246999979950488, "error": null, "operation": "query", "response": "+8.000000E-02", "timestamp_iso": "2026-07-27T11:16:12.622414+00:00", "timestamp_unix": 1785150972.622414}
{"command": "VOLT:PROT? (@1)", "duration_s": 0.0010953999881166965, "error": null, "operation": "query", "response": "+6.600000E+01", "timestamp_iso": "2026-07-27T11:16:12.628907+00:00", "timestamp_unix": 1785150972.6289072}
{"command": "CURR:PROT:STAT? (@1)", "duration_s": 0.0008577000116929412, "error": null, "operation": "query", "response": "0", "timestamp_iso": "2026-07-27T11:16:12.635384+00:00", "timestamp_unix": 1785150972.6353843}
{"command": "SYST:ERR?", "duration_s": 0.0009480000007897615, "error": null, "operation": "query", "response": "+0,\"No error\"", "timestamp_iso": "2026-07-27T11:16:12.649625+00:00", "timestamp_unix": 1785150972.6496253}
{"command": "OUTP? (@1)", "duration_s": 0.0007914000016171485, "error": null, "operation": "query", "response": "0", "timestamp_iso": "2026-07-27T11:16:12.654228+00:00", "timestamp_unix": 1785150972.6542284}
{"command": "SYST:ERR?", "duration_s": 0.0010811999964062124, "error": null, "operation": "query", "response": "+0,\"No error\"", "timestamp_iso": "2026-07-27T11:16:12.663599+00:00", "timestamp_unix": 1785150972.6635985}
{"command": "SYST:ERR?", "duration_s": 0.001277600007597357, "error": null, "operation": "query", "response": "+0,\"No error\"", "timestamp_iso": "2026-07-27T11:16:12.681077+00:00", "timestamp_unix": 1785150972.6810772}
{"command": "SYST:CHAN:MOD? (@1)", "duration_s": 0.0032219999993685633, "error": null, "operation": "query", "response": "N6775A", "timestamp_iso": "2026-07-27T11:16:12.690242+00:00", "timestamp_unix": 1785150972.6902416}
{"command": "SYST:CHAN:OPT? (@1)", "duration_s": 0.010795500013045967, "error": null, "operation": "query", "response": "\"\"", "timestamp_iso": "2026-07-27T11:16:12.698562+00:00", "timestamp_unix": 1785150972.6985624}
{"command": "SYST:CHAN:MOD? (@2)", "duration_s": 0.0025117000041063875, "error": null, "operation": "query", "response": "N6775A", "timestamp_iso": "2026-07-27T11:16:12.714743+00:00", "timestamp_unix": 1785150972.7147434}
{"command": "SYST:CHAN:OPT? (@2)", "duration_s": 0.010943700006464496, "error": null, "operation": "query", "response": "\"\"", "timestamp_iso": "2026-07-27T11:16:12.720506+00:00", "timestamp_unix": 1785150972.7205057}
{"command": "SYST:CHAN:MOD? (@1)", "duration_s": 0.0032537000079173595, "error": null, "operation": "query", "response": "N6775A", "timestamp_iso": "2026-07-27T11:16:12.737071+00:00", "timestamp_unix": 1785150972.7370713}
{"command": "SYST:CHAN:SER? (@1)", "duration_s": 0.003572299989173189, "error": null, "operation": "query", "response": "MY45001931", "timestamp_iso": "2026-07-27T11:16:12.743812+00:00", "timestamp_unix": 1785150972.743812}
{"command": "SYST:CHAN:OPT? (@1)", "duration_s": 0.010784099984448403, "error": null, "operation": "query", "response": "\"\"", "timestamp_iso": "2026-07-27T11:16:12.750513+00:00", "timestamp_unix": 1785150972.7505128}
{"command": "SYST:ERR?", "duration_s": 0.0009632000001147389, "error": null, "operation": "query", "response": "+0,\"No error\"", "timestamp_iso": "2026-07-27T11:16:12.770549+00:00", "timestamp_unix": 1785150972.7705493}
{"command": "*IDN?", "duration_s": 0.0006712999893352389, "error": null, "operation": "query", "response": "Agilent Technologies,N6700B,MY43014421,D.04.10", "timestamp_iso": "2026-07-27T11:16:12.776392+00:00", "timestamp_unix": 1785150972.7763922}
{"command": "*OPT?", "duration_s": 0.030824399989796802, "error": null, "operation": "query", "response": "0", "timestamp_iso": "2026-07-27T11:16:12.782545+00:00", "timestamp_unix": 1785150972.7825446}
{"command": "*OPC?", "duration_s": 0.0048704999790061265, "error": null, "operation": "query", "response": "1", "timestamp_iso": "2026-07-27T11:16:12.819113+00:00", "timestamp_unix": 1785150972.8191135}
{"command": "*STB?", "duration_s": 0.0010178000084124506, "error": null, "operation": "query", "response": "+0", "timestamp_iso": "2026-07-27T11:16:12.828904+00:00", "timestamp_unix": 1785150972.828904}
{"command": "*ESR?", "duration_s": 0.001222599996253848, "error": null, "operation": "query", "response": "+0", "timestamp_iso": "2026-07-27T11:16:12.834883+00:00", "timestamp_unix": 1785150972.834883}
{"command": "SYST:ERR?", "duration_s": 0.0012146999943070114, "error": null, "operation": "query", "response": "+0,\"No error\"", "timestamp_iso": "2026-07-27T11:16:12.844963+00:00", "timestamp_unix": 1785150972.8449628}
{"command": "SYST:ERR?", "duration_s": 0.0008969999908003956, "error": null, "operation": "query", "response": "+0,\"No error\"", "timestamp_iso": "2026-07-27T11:16:12.854565+00:00", "timestamp_unix": 1785150972.8545647}
{"command": "*TST?", "duration_s": 0.1577030999760609, "error": null, "operation": "query", "response": "+0", "timestamp_iso": "2026-07-27T11:16:12.859182+00:00", "timestamp_unix": 1785150972.8591821}
{"command": "SYST:ERR?", "duration_s": 0.0010311999940313399, "error": null, "operation": "query", "response": "+0,\"No error\"", "timestamp_iso": "2026-07-27T11:16:13.027989+00:00", "timestamp_unix": 1785150973.0279891}
{"command": "SYST:ERR?", "duration_s": 0.07899000000907108, "error": null, "operation": "query", "response": "+0,\"No error\"", "timestamp_iso": "2026-07-27T11:16:13.042381+00:00", "timestamp_unix": 1785150973.0423808}
{"command": "*OPC?", "duration_s": 0.005017000017687678, "error": null, "operation": "query", "response": "1", "timestamp_iso": "2026-07-27T11:16:13.124990+00:00", "timestamp_unix": 1785150973.1249905}
{"command": "SYST:ERR?", "duration_s": 0.0010258999827783555, "error": null, "operation": "query", "response": "+0,\"No error\"", "timestamp_iso": "2026-07-27T11:16:13.136212+00:00", "timestamp_unix": 1785150973.136212}
{"command": "SYST:ERR?", "duration_s": 0.000908799993339926, "error": null, "operation": "query", "response": "+0,\"No error\"", "timestamp_iso": "2026-07-27T11:16:13.141735+00:00", "timestamp_unix": 1785150973.1417348}
{"command": "SYST:ERR?", "duration_s": 0.0012901999871246517, "error": null, "operation": "query", "response": "+0,\"No error\"", "timestamp_iso": "2026-07-27T11:16:13.151232+00:00", "timestamp_unix": 1785150973.1512325}
{"command": "SYST:ERR?", "duration_s": 0.0010954999888781458, "error": null, "operation": "query", "response": "+0,\"No error\"", "timestamp_iso": "2026-07-27T11:16:13.165093+00:00", "timestamp_unix": 1785150973.165093}
{"command": "SYST:ERR?", "duration_s": 0.0009960000170394778, "error": null, "operation": "query", "response": "+0,\"No error\"", "timestamp_iso": "2026-07-27T11:16:13.175770+00:00", "timestamp_unix": 1785150973.1757698}
{"command": "VOLT? (@1)", "duration_s": 0.0010190000175498426, "error": null, "operation": "query", "response": "+1.000000E+00", "timestamp_iso": "2026-07-27T11:16:13.184155+00:00", "timestamp_unix": 1785150973.1841555}
{"command": "VOLT? (@1)", "duration_s": 0.0011728999961633235, "error": null, "operation": "query", "response": "+1.000000E+00", "timestamp_iso": "2026-07-27T11:16:13.193227+00:00", "timestamp_unix": 1785150973.1932266}
{"command": "SYST:ERR?", "duration_s": 0.0012433000083547086, "error": null, "operation": "query", "response": "+0,\"No error\"", "timestamp_iso": "2026-07-27T11:16:13.200584+00:00", "timestamp_unix": 1785150973.2005842}
{"command": "SYST:ERR?", "duration_s": 0.0009661999938543886, "error": null, "operation": "query", "response": "+0,\"No error\"", "timestamp_iso": "2026-07-27T11:16:13.210051+00:00", "timestamp_unix": 1785150973.2100508}
{"command": "SYST:ERR?", "duration_s": 0.0009436999971512705, "error": null, "operation": "query", "response": "+0,\"No error\"", "timestamp_iso": "2026-07-27T11:16:13.219835+00:00", "timestamp_unix": 1785150973.2198348}
{"command": "SYST:ERR?", "duration_s": 0.001139500003773719, "error": null, "operation": "query", "response": "+0,\"No error\"", "timestamp_iso": "2026-07-27T11:16:13.230911+00:00", "timestamp_unix": 1785150973.2309115}
{"command": "CURR? (@1)", "duration_s": 0.0008577000116929412, "error": null, "operation": "query", "response": "+1.000000E-01", "timestamp_iso": "2026-07-27T11:16:13.239595+00:00", "timestamp_unix": 1785150973.2395954}
{"command": "CURR? (@1)", "duration_s": 0.0009095999994315207, "error": null, "operation": "query", "response": "+1.000000E-01", "timestamp_iso": "2026-07-27T11:16:13.247563+00:00", "timestamp_unix": 1785150973.2475634}
{"command": "SYST:ERR?", "duration_s": 0.0010097000049427152, "error": null, "operation": "query", "response": "+0,\"No error\"", "timestamp_iso": "2026-07-27T11:16:13.256227+00:00", "timestamp_unix": 1785150973.2562265}
{"command": "SYST:ERR?", "duration_s": 0.0009301000100094825, "error": null, "operation": "query", "response": "+0,\"No error\"", "timestamp_iso": "2026-07-27T11:16:13.265518+00:00", "timestamp_unix": 1785150973.2655182}
{"command": "SYST:ERR?", "duration_s": 0.0012543000048026443, "error": null, "operation": "query", "response": "+0,\"No error\"", "timestamp_iso": "2026-07-27T11:16:13.288654+00:00", "timestamp_unix": 1785150973.2886536}
{"command": "OUTP? (@1)", "duration_s": 0.0007276000105775893, "error": null, "operation": "query", "response": "0", "timestamp_iso": "2026-07-27T11:16:13.295444+00:00", "timestamp_unix": 1785150973.2954443}
{"command": "VOLT? (@1)", "duration_s": 0.0008532000065315515, "error": null, "operation": "query", "response": "+1.000000E+00", "timestamp_iso": "2026-07-27T11:16:13.299809+00:00", "timestamp_unix": 1785150973.299809}
{"command": "CURR? (@1)", "duration_s": 0.0008662000182084739, "error": null, "operation": "query", "response": "+1.000000E-01", "timestamp_iso": "2026-07-27T11:16:13.305904+00:00", "timestamp_unix": 1785150973.305904}
{"command": "VOLT:PROT? (@1)", "duration_s": 0.0010865000076591969, "error": null, "operation": "query", "response": "+2.000000E+00", "timestamp_iso": "2026-07-27T11:16:13.310869+00:00", "timestamp_unix": 1785150973.310869}
{"command": "CURR:PROT:STAT? (@1)", "duration_s": 0.0008611999801360071, "error": null, "operation": "query", "response": "1", "timestamp_iso": "2026-07-27T11:16:13.318321+00:00", "timestamp_unix": 1785150973.3183212}
{"command": "SYST:ERR?", "duration_s": 0.0010077999904751778, "error": null, "operation": "query", "response": "+0,\"No error\"", "timestamp_iso": "2026-07-27T11:16:13.331361+00:00", "timestamp_unix": 1785150973.3313613}
{"command": "SYST:ERR?", "duration_s": 0.0009701999952085316, "error": null, "operation": "query", "response": "+0,\"No error\"", "timestamp_iso": "2026-07-27T11:16:13.341832+00:00", "timestamp_unix": 1785150973.3418317}
{"command": "SYST:ERR?", "duration_s": 0.0010935000027529895, "error": null, "operation": "query", "response": "+0,\"No error\"", "timestamp_iso": "2026-07-27T11:16:13.351279+00:00", "timestamp_unix": 1785150973.3512795}
{"command": "SYST:ERR?", "duration_s": 0.0009902000019792467, "error": null, "operation": "query", "response": "+0,\"No error\"", "timestamp_iso": "2026-07-27T11:16:13.360414+00:00", "timestamp_unix": 1785150973.360414}
{"command": "OUTP? (@1)", "duration_s": 0.0007264000014401972, "error": null, "operation": "query", "response": "0", "timestamp_iso": "2026-07-27T11:16:13.365712+00:00", "timestamp_unix": 1785150973.3657117}
{"command": "SYST:ERR?", "duration_s": 0.001424900023266673, "error": null, "operation": "query", "response": "+0,\"No error\"", "timestamp_iso": "2026-07-27T11:16:13.374566+00:00", "timestamp_unix": 1785150973.374566}
{"command": "OUTP? (@1)", "duration_s": 0.0007582000107504427, "error": null, "operation": "query", "response": "0", "timestamp_iso": "2026-07-27T11:16:13.380614+00:00", "timestamp_unix": 1785150973.3806136}
{"command": "SYST:ERR?", "duration_s": 0.0011574999953154474, "error": null, "operation": "query", "response": "+0,\"No error\"", "timestamp_iso": "2026-07-27T11:16:13.384868+00:00", "timestamp_unix": 1785150973.3848681}
{"command": "SYST:ERR?", "duration_s": 0.0011832999880425632, "error": null, "operation": "query", "response": "+0,\"No error\"", "timestamp_iso": "2026-07-27T11:16:13.394847+00:00", "timestamp_unix": 1785150973.3948474}
{"command": "SYST:ERR?", "duration_s": 0.0010655999940354377, "error": null, "operation": "query", "response": "+0,\"No error\"", "timestamp_iso": "2026-07-27T11:16:13.404299+00:00", "timestamp_unix": 1785150973.4042995}
{"command": "SYST:ERR?", "duration_s": 0.001159599982202053, "error": null, "operation": "query", "response": "+0,\"No error\"", "timestamp_iso": "2026-07-27T11:16:13.412871+00:00", "timestamp_unix": 1785150973.4128706}
{"command": "VOLT:PROT? (@1)", "duration_s": 0.0008895000210031867, "error": null, "operation": "query", "response": "+2.000000E+00", "timestamp_iso": "2026-07-27T11:16:13.417792+00:00", "timestamp_unix": 1785150973.4177918}
{"command": "SYST:ERR?", "duration_s": 0.0009917999850586057, "error": null, "operation": "query", "response": "+0,\"No error\"", "timestamp_iso": "2026-07-27T11:16:13.429448+00:00", "timestamp_unix": 1785150973.429448}
{"command": "CURR:PROT:STAT? (@1)", "duration_s": 0.0010680000123102218, "error": null, "operation": "query", "response": "1", "timestamp_iso": "2026-07-27T11:16:13.434980+00:00", "timestamp_unix": 1785150973.43498}
{"command": "SYST:ERR?", "duration_s": 0.001103100017644465, "error": null, "operation": "query", "response": "+0,\"No error\"", "timestamp_iso": "2026-07-27T11:16:13.444161+00:00", "timestamp_unix": 1785150973.4441612}
{"command": "CURR:PROT:STAT? (@1)", "duration_s": 0.0014741999912075698, "error": null, "operation": "query", "response": "0", "timestamp_iso": "2026-07-27T11:16:13.450079+00:00", "timestamp_unix": 1785150973.4500794}
{"command": "CURR:PROT:STAT? (@1)", "duration_s": 0.0010550000006332994, "error": null, "operation": "query", "response": "0", "timestamp_iso": "2026-07-27T11:16:13.457497+00:00", "timestamp_unix": 1785150973.457497}
{"command": "SYST:ERR?", "duration_s": 0.0012596999877132475, "error": null, "operation": "query", "response": "+0,\"No error\"", "timestamp_iso": "2026-07-27T11:16:13.463569+00:00", "timestamp_unix": 1785150973.4635694}
{"command": "SYST:ERR?", "duration_s": 0.0015884000167716295, "error": null, "operation": "query", "response": "+0,\"No error\"", "timestamp_iso": "2026-07-27T11:16:13.473202+00:00", "timestamp_unix": 1785150973.4732018}
{"command": "SYST:ERR?", "duration_s": 0.0015400999982375652, "error": null, "operation": "query", "response": "+0,\"No error\"", "timestamp_iso": "2026-07-27T11:16:13.483681+00:00", "timestamp_unix": 1785150973.4836812}
{"command": "MEAS:VOLT? (@1)", "duration_s": 0.028014999988954514, "error": null, "operation": "query", "response": "+3.520995E-03", "timestamp_iso": "2026-07-27T11:16:13.489430+00:00", "timestamp_unix": 1785150973.4894304}
{"command": "MEAS:CURR? (@1)", "duration_s": 0.026908300002105534, "error": null, "operation": "query", "response": "+4.636353E-04", "timestamp_iso": "2026-07-27T11:16:13.522271+00:00", "timestamp_unix": 1785150973.5222714}
{"command": "MEAS:VOLT? (@1)", "duration_s": 0.026244800013955683, "error": null, "operation": "query", "response": "+3.243200E-03", "timestamp_iso": "2026-07-27T11:16:13.553014+00:00", "timestamp_unix": 1785150973.5530136}
{"command": "MEAS:CURR? (@1)", "duration_s": 0.026715499989222735, "error": null, "operation": "query", "response": "+4.953457E-04", "timestamp_iso": "2026-07-27T11:16:13.582496+00:00", "timestamp_unix": 1785150973.5824964}
{"command": "MEAS:VOLT? (@1)", "duration_s": 0.028134499996667728, "error": null, "operation": "query", "response": "+4.068359E-03", "timestamp_iso": "2026-07-27T11:16:13.613229+00:00", "timestamp_unix": 1785150973.6132288}
{"command": "MEAS:CURR? (@1)", "duration_s": 0.026030599983641878, "error": null, "operation": "query", "response": "+4.407697E-04", "timestamp_iso": "2026-07-27T11:16:13.645559+00:00", "timestamp_unix": 1785150973.6455588}
{"command": "MEAS:VOLT? (@1)", "duration_s": 0.02670310001121834, "error": null, "operation": "query", "response": "+2.878397E-03", "timestamp_iso": "2026-07-27T11:16:13.682571+00:00", "timestamp_unix": 1785150973.682571}
{"command": "MEAS:CURR? (@1)", "duration_s": 0.02824059998965822, "error": null, "operation": "query", "response": "+4.634362E-04", "timestamp_iso": "2026-07-27T11:16:13.713063+00:00", "timestamp_unix": 1785150973.7130635}
{"command": "MEAS:VOLT? (@2)", "duration_s": 0.0262423999956809, "error": null, "operation": "query", "response": "-6.411136E-05", "timestamp_iso": "2026-07-27T11:16:13.744834+00:00", "timestamp_unix": 1785150973.7448344}
{"command": "MEAS:CURR? (@2)", "duration_s": 0.028877200005808845, "error": null, "operation": "query", "response": "-5.622569E-04", "timestamp_iso": "2026-07-27T11:16:13.774147+00:00", "timestamp_unix": 1785150973.7741468}
{"command": "SYST:ERR?", "duration_s": 0.00122079998254776, "error": null, "operation": "query", "response": "+0,\"No error\"", "timestamp_iso": "2026-07-27T11:16:13.821110+00:00", "timestamp_unix": 1785150973.8211102}
{"command": "SYST:ERR?", "duration_s": 0.0010132000024896115, "error": null, "operation": "query", "response": "+0,\"No error\"", "timestamp_iso": "2026-07-27T11:16:13.831725+00:00", "timestamp_unix": 1785150973.8317251}
{"command": "SYST:ERR?", "duration_s": 0.0011705000069923699, "error": null, "operation": "query", "response": "+0,\"No error\"", "timestamp_iso": "2026-07-27T11:16:13.840652+00:00", "timestamp_unix": 1785150973.840652}
{"command": "MEAS:VOLT? (@1)", "duration_s": 0.027429399982793257, "error": null, "operation": "query", "response": "+3.760823E-03", "timestamp_iso": "2026-07-27T11:16:13.845867+00:00", "timestamp_unix": 1785150973.845867}
{"command": "MEAS:CURR? (@1)", "duration_s": 0.02581990000908263, "error": null, "operation": "query", "response": "+5.072621E-04", "timestamp_iso": "2026-07-27T11:16:13.877455+00:00", "timestamp_unix": 1785150973.877455}
{"command": "MEAS:VOLT? (@1)", "duration_s": 0.02837139999610372, "error": null, "operation": "query", "response": "+3.775377E-03", "timestamp_iso": "2026-07-27T11:16:13.907095+00:00", "timestamp_unix": 1785150973.9070947}
{"command": "MEAS:CURR? (@1)", "duration_s": 0.028016399999614805, "error": null, "operation": "query", "response": "+4.742718E-04", "timestamp_iso": "2026-07-27T11:16:13.941125+00:00", "timestamp_unix": 1785150973.9411252}
{"command": "MEAS:VOLT? (@1)", "duration_s": 0.025628200004575774, "error": null, "operation": "query", "response": "+3.887381E-03", "timestamp_iso": "2026-07-27T11:16:13.973680+00:00", "timestamp_unix": 1785150973.9736795}
{"command": "MEAS:CURR? (@1)", "duration_s": 0.02760250002029352, "error": null, "operation": "query", "response": "+4.547052E-04", "timestamp_iso": "2026-07-27T11:16:14.005655+00:00", "timestamp_unix": 1785150974.0056548}
{"command": "MEAS:VOLT? (@1)", "duration_s": 0.026899299991782755, "error": null, "operation": "query", "response": "+3.877573E-03", "timestamp_iso": "2026-07-27T11:16:14.040356+00:00", "timestamp_unix": 1785150974.0403564}
{"command": "MEAS:CURR? (@1)", "duration_s": 0.02591480000410229, "error": null, "operation": "query", "response": "+4.421063E-04", "timestamp_iso": "2026-07-27T11:16:14.071393+00:00", "timestamp_unix": 1785150974.0713935}
{"command": "MEAS:VOLT? (@1)", "duration_s": 0.027039799984777346, "error": null, "operation": "query", "response": "+2.766393E-03", "timestamp_iso": "2026-07-27T11:16:14.104450+00:00", "timestamp_unix": 1785150974.1044502}
{"command": "SYST:ERR?", "duration_s": 0.0009972999978344887, "error": null, "operation": "query", "response": "+0,\"No error\"", "timestamp_iso": "2026-07-27T11:16:14.141987+00:00", "timestamp_unix": 1785150974.1419866}
{"command": "SYST:ERR?", "duration_s": 0.0009994000138249248, "error": null, "operation": "query", "response": "+0,\"No error\"", "timestamp_iso": "2026-07-27T11:16:14.151944+00:00", "timestamp_unix": 1785150974.151944}
{"command": "STAT:QUES:COND? (@1)", "duration_s": 0.0008756000024732202, "error": null, "operation": "query", "response": "+0", "timestamp_iso": "2026-07-27T11:16:14.156097+00:00", "timestamp_unix": 1785150974.1560972}
{"command": "STAT:QUES:COND? (@1)", "duration_s": 0.0009519000013824552, "error": null, "operation": "query", "response": "+0", "timestamp_iso": "2026-07-27T11:16:14.161373+00:00", "timestamp_unix": 1785150974.1613727}
{"command": "STAT:QUES:COND? (@1)", "duration_s": 0.001275100017664954, "error": null, "operation": "query", "response": "+0", "timestamp_iso": "2026-07-27T11:16:14.169077+00:00", "timestamp_unix": 1785150974.1690772}
{"command": "OUTP? (@1)", "duration_s": 0.0008967999892774969, "error": null, "operation": "query", "response": "0", "timestamp_iso": "2026-07-27T11:16:14.173939+00:00", "timestamp_unix": 1785150974.1739385}
{"command": "STAT:QUES:COND? (@1)", "duration_s": 0.0011344999948050827, "error": null, "operation": "query", "response": "+0", "timestamp_iso": "2026-07-27T11:16:14.185086+00:00", "timestamp_unix": 1785150974.1850855}
{"command": "OUTP? (@1)", "duration_s": 0.000750600011087954, "error": null, "operation": "query", "response": "0", "timestamp_iso": "2026-07-27T11:16:14.189691+00:00", "timestamp_unix": 1785150974.189691}
{"command": "SYST:ERR?", "duration_s": 0.0012234000023454428, "error": null, "operation": "query", "response": "+0,\"No error\"", "timestamp_iso": "2026-07-27T11:16:14.193149+00:00", "timestamp_unix": 1785150974.1931486}
{"command": "OUTP? (@1)", "duration_s": 0.0008424000116065145, "error": null, "operation": "query", "response": "0", "timestamp_iso": "2026-07-27T11:16:14.200642+00:00", "timestamp_unix": 1785150974.2006416}
{"command": "SYST:ERR?", "duration_s": 0.0009992000123020262, "error": null, "operation": "query", "response": "+0,\"No error\"", "timestamp_iso": "2026-07-27T11:16:14.207680+00:00", "timestamp_unix": 1785150974.2076795}
{"command": "SYST:ERR?", "duration_s": 0.0010901000059675425, "error": null, "operation": "query", "response": "+0,\"No error\"", "timestamp_iso": "2026-07-27T11:16:14.220327+00:00", "timestamp_unix": 1785150974.2203267}
{"command": "SYST:ERR?", "duration_s": 0.0015310999879147857, "error": null, "operation": "query", "response": "-113,\"Undefined header\"", "timestamp_iso": "2026-07-27T11:16:14.238487+00:00", "timestamp_unix": 1785150974.2384872}
{"command": "SYST:ERR?", "duration_s": 0.0010959000210277736, "error": null, "operation": "query", "response": "+0,\"No error\"", "timestamp_iso": "2026-07-27T11:16:14.244084+00:00", "timestamp_unix": 1785150974.2440836}
{"command": "*IDN?", "duration_s": 0.0006786000158172101, "error": null, "operation": "query", "response": "Agilent Technologies,N6700B,MY43014421,D.04.10", "timestamp_iso": "2026-07-27T11:16:14.251321+00:00", "timestamp_unix": 1785150974.251321}
{"command": "SYST:ERR?", "duration_s": 0.0010065999813377857, "error": null, "operation": "query", "response": "+0,\"No error\"", "timestamp_iso": "2026-07-27T11:16:14.256253+00:00", "timestamp_unix": 1785150974.256253}
{"command": "SYST:ERR?", "duration_s": 0.001056499982951209, "error": null, "operation": "query", "response": "+0,\"No error\"", "timestamp_iso": "2026-07-27T11:16:14.266610+00:00", "timestamp_unix": 1785150974.2666104}
{"command": "SYST:ERR?", "duration_s": 0.0010316999978385866, "error": null, "operation": "query", "response": "+0,\"No error\"", "timestamp_iso": "2026-07-27T11:16:14.343263+00:00", "timestamp_unix": 1785150974.3432631}
{"command": "SYST:ERR?", "duration_s": 0.001106500014429912, "error": null, "operation": "query", "response": "+0,\"No error\"", "timestamp_iso": "2026-07-27T11:16:14.354933+00:00", "timestamp_unix": 1785150974.3549325}
{"command": "SYST:ERR?", "duration_s": 0.0010921000211965293, "error": null, "operation": "query", "response": "+0,\"No error\"", "timestamp_iso": "2026-07-27T11:16:14.438295+00:00", "timestamp_unix": 1785150974.4382951}
{"command": "SYST:ERR?", "duration_s": 0.0009701999952085316, "error": null, "operation": "query", "response": "+0,\"No error\"", "timestamp_iso": "2026-07-27T11:16:14.479486+00:00", "timestamp_unix": 1785150974.479486}
{"command": "SYST:ERR?", "duration_s": 0.0011773999722208828, "error": null, "operation": "query", "response": "+0,\"No error\"", "timestamp_iso": "2026-07-27T11:16:14.494125+00:00", "timestamp_unix": 1785150974.4941254}
{"command": "SYST:ERR?", "duration_s": 0.0009939000010490417, "error": null, "operation": "query", "response": "+0,\"No error\"", "timestamp_iso": "2026-07-27T11:16:14.510480+00:00", "timestamp_unix": 1785150974.51048}
{"command": "OUTP? (@1)", "duration_s": 0.0007990000012796372, "error": null, "operation": "query", "response": "0", "timestamp_iso": "2026-07-27T11:16:14.529654+00:00", "timestamp_unix": 1785150974.5296538}
{"command": "SYST:ERR?", "duration_s": 0.0010890999983530492, "error": null, "operation": "query", "response": "+0,\"No error\"", "timestamp_iso": "2026-07-27T11:16:14.577207+00:00", "timestamp_unix": 1785150974.577207}
{"command": "*IDN?", "duration_s": 0.0007492000004276633, "error": null, "operation": "query", "response": "Agilent Technologies,N6700B,MY43014421,D.04.10", "timestamp_iso": "2026-07-27T11:16:14.610019+00:00", "timestamp_unix": 1785150974.6100187}
{"command": "SYST:ERR?", "duration_s": 0.0011709000100381672, "error": null, "operation": "query", "response": "+0,\"No error\"", "timestamp_iso": "2026-07-27T11:16:14.614990+00:00", "timestamp_unix": 1785150974.6149898}
{"command": "SYST:CHAN:COUN?", "duration_s": 0.0007939999923110008, "error": null, "operation": "query", "response": "+2", "timestamp_iso": "2026-07-27T11:16:14.619836+00:00", "timestamp_unix": 1785150974.6198363}
{"command": "SYST:CHAN:MOD? (@1)", "duration_s": 0.003052699990803376, "error": null, "operation": "query", "response": "N6775A", "timestamp_iso": "2026-07-27T11:16:14.624251+00:00", "timestamp_unix": 1785150974.6242514}
{"command": "SYST:CHAN:OPT? (@1)", "duration_s": 0.011081300006480888, "error": null, "operation": "query", "response": "\"\"", "timestamp_iso": "2026-07-27T11:16:14.634264+00:00", "timestamp_unix": 1785150974.6342645}
{"command": "SYST:CHAN:MOD? (@2)", "duration_s": 0.002858899999409914, "error": null, "operation": "query", "response": "N6775A", "timestamp_iso": "2026-07-27T11:16:14.648573+00:00", "timestamp_unix": 1785150974.648573}
{"command": "SYST:CHAN:OPT? (@2)", "duration_s": 0.012108700000680983, "error": null, "operation": "query", "response": "\"\"", "timestamp_iso": "2026-07-27T11:16:14.656364+00:00", "timestamp_unix": 1785150974.6563642}
{"command": "*IDN?", "duration_s": 0.0006516999856103212, "error": null, "operation": "query", "response": "Agilent Technologies,N6700B,MY43014421,D.04.10", "timestamp_iso": "2026-07-27T11:16:14.703773+00:00", "timestamp_unix": 1785150974.7037728}
{"command": "SYST:ERR?", "duration_s": 0.0010180000099353492, "error": null, "operation": "query", "response": "+0,\"No error\"", "timestamp_iso": "2026-07-27T11:16:14.707438+00:00", "timestamp_unix": 1785150974.707438}
{"command": "SYST:CHAN:COUN?", "duration_s": 0.0009562000050209463, "error": null, "operation": "query", "response": "+2", "timestamp_iso": "2026-07-27T11:16:14.713076+00:00", "timestamp_unix": 1785150974.7130756}
{"command": "SYST:CHAN:MOD? (@1)", "duration_s": 0.0033718000049702823, "error": null, "operation": "query", "response": "N6775A", "timestamp_iso": "2026-07-27T11:16:14.718961+00:00", "timestamp_unix": 1785150974.7189605}
{"command": "SYST:CHAN:OPT? (@1)", "duration_s": 0.011310200003208593, "error": null, "operation": "query", "response": "\"\"", "timestamp_iso": "2026-07-27T11:16:14.726923+00:00", "timestamp_unix": 1785150974.7269228}
{"command": "SYST:CHAN:MOD? (@2)", "duration_s": 0.0035552000044845045, "error": null, "operation": "query", "response": "N6775A", "timestamp_iso": "2026-07-27T11:16:14.740858+00:00", "timestamp_unix": 1785150974.7408576}
{"command": "SYST:CHAN:OPT? (@2)", "duration_s": 0.010928700008662418, "error": null, "operation": "query", "response": "\"\"", "timestamp_iso": "2026-07-27T11:16:14.748401+00:00", "timestamp_unix": 1785150974.748401}
{"command": "SYST:ERR?", "duration_s": 0.000983599980827421, "error": null, "operation": "query", "response": "+0,\"No error\"", "timestamp_iso": "2026-07-27T11:16:14.769596+00:00", "timestamp_unix": 1785150974.7695956}
{"command": "SYST:ERR?", "duration_s": 0.0011538999970071018, "error": null, "operation": "query", "response": "+0,\"No error\"", "timestamp_iso": "2026-07-27T11:16:14.837060+00:00", "timestamp_unix": 1785150974.8370597}
{"command": "SYST:ERR?", "duration_s": 0.0011989999911747873, "error": null, "operation": "query", "response": "+0,\"No error\"", "timestamp_iso": "2026-07-27T11:16:14.855251+00:00", "timestamp_unix": 1785150974.8552513}
{"command": "SYST:ERR?", "duration_s": 0.0011932000052183867, "error": null, "operation": "query", "response": "+0,\"No error\"", "timestamp_iso": "2026-07-27T11:16:14.863877+00:00", "timestamp_unix": 1785150974.8638773}
{"command": "SYST:ERR?", "duration_s": 0.0010908999829553068, "error": null, "operation": "query", "response": "+0,\"No error\"", "timestamp_iso": "2026-07-27T11:16:14.873228+00:00", "timestamp_unix": 1785150974.8732276}
{"command": "SYST:ERR?", "duration_s": 0.0011901000107172877, "error": null, "operation": "query", "response": "+0,\"No error\"", "timestamp_iso": "2026-07-27T11:16:14.881634+00:00", "timestamp_unix": 1785150974.8816345}
{"command": "SYST:ERR?", "duration_s": 0.0009985000069718808, "error": null, "operation": "query", "response": "+0,\"No error\"", "timestamp_iso": "2026-07-27T11:16:14.890410+00:00", "timestamp_unix": 1785150974.8904104}
{"command": "SYST:ERR?", "duration_s": 0.0009666999976616353, "error": null, "operation": "query", "response": "+0,\"No error\"", "timestamp_iso": "2026-07-27T11:16:14.900286+00:00", "timestamp_unix": 1785150974.9002857}
{"command": "SYST:ERR?", "duration_s": 0.0012366999872028828, "error": null, "operation": "query", "response": "+0,\"No error\"", "timestamp_iso": "2026-07-27T11:16:14.908933+00:00", "timestamp_unix": 1785150974.908933}
