{"timestamp_iso": "2026-07-27T11:16:11.616318+00:00", "timestamp_unix": 1785150971.6163185, "operation": "query", "command": "*IDN?", "response": "Agilent Technologies,N6700B,MY43014421,D.04.10", "error": null, "duration_s": 0.0007055000169202685}
{"timestamp_iso": "2026-07-27T11:16:11.636774+00:00", "timestamp_unix": 1785150971.6367738, "operation": "query", "command": "SYST:ERR?", "response": "+0,\"No error\"", "error": null, "duration_s": 0.0011754999868571758}
{"timestamp_iso": "2026-07-27T11:16:11.681552+00:00", "timestamp_unix": 1785150971.6815517, "operation": "query", "command": "SYST:CHAN:COUN?", "response": "+2", "error": null, "duration_s": 0.0007847000088077039}
{"timestamp_iso": "2026-07-27T11:16:11.728245+00:00", "timestamp_unix": 1785150971.7282445, "operation": "query", "command": "SYST:CHAN:MOD? (@1)", "response": "N6775A", "error": null, "duration_s": 0.0028949000115972012}
{"timestamp_iso": "2026-07-27T11:16:11.772782+00:00", "timestamp_unix": 1785150971.7727823, "operation": "query", "command": "SYST:CHAN:OPT? (@1)", "response": "\"\"", "error": null, "duration_s": 0.011555899982340634}
{"timestamp_iso": "2026-07-27T11:16:11.811882+00:00", "timestamp_unix": 1785150971.811882, "operation": "query", "command": "SYST:CHAN:MOD? (@2)", "response": "N6775A", "error": null, "duration_s": 0.0033696000173222274}
{"timestamp_iso": "2026-07-27T11:16:11.851923+00:00", "timestamp_unix": 1785150971.8519228, "operation": "query", "command": "SYST:CHAN:OPT? (@2)", "response": "\"\"", "error": null, "duration_s": 0.011350200016750023}
{"timestamp_iso": "2026-07-27T11:16:11.880350+00:00", "timestamp_unix": 1785150971.8803504, "operation": "write", "command": "*CLS", "response": null, "error": null, "duration_s": 0.0001343000039923936}
{"timestamp_iso": "2026-07-27T11:16:11.917922+00:00", "timestamp_unix": 1785150971.9179218, "operation": "query", "command": "SYST:ERR?", "response": "+0,\"No error\"", "error": null, "duration_s": 0.0009439999994356185}
{"timestamp_iso": "2026-07-27T11:16:12.567513+00:00", "timestamp_unix": 1785150972.5675132, "operation": "query", "command": "SYST:CHAN:MOD? (@1)", "response": "N6775A", "error": null, "duration_s": 0.0028122000221628696}
{"timestamp_iso": "2026-07-27T11:16:12.574797+00:00", "timestamp_unix": 1785150972.5747974, "operation": "query", "command": "SYST:CHAN:SER? (@1)", "response": "MY45001931", "error": null, "duration_s": 0.003420099994400516}
{"timestamp_iso": "2026-07-27T11:16:12.582895+00:00", "timestamp_unix": 1785150972.5828953, "operation": "query", "command": "SYST:CHAN:OPT? (@1)", "response": "\"\"", "error": null, "duration_s": 0.011333700007526204}
{"timestamp_iso": "2026-07-27T11:16:12.609272+00:00", "timestamp_unix": 1785150972.6092722, "operation": "query", "command": "OUTP? (@1)", "response": "0", "error": null, "duration_s": 0.0008144000021275133}
{"timestamp_iso": "2026-07-27T11:16:12.615103+00:00", "timestamp_unix": 1785150972.6151025, "operation": "query", "command": "VOLT? (@1)", "response": "+7.000000E-02", "error": null, "duration_s": 0.0010326000046916306}
{"timestamp_iso": "2026-07-27T11:16:12.622414+00:00", "timestamp_unix": 1785150972.622414, "operation": "query", "command": "CURR? (@1)", "response": "+8.000000E-02", "error": null, "duration_s": 0.0009246999979950488}
{"timestamp_iso": "2026-07-27T11:16:12.628907+00:00", "timestamp_unix": 1785150972.6289072, "operation": "query", "command": "VOLT:PROT? (@1)", "response": "+6.600000E+01", "error": null, "duration_s": 0.0010953999881166965}
{"timestamp_iso": "2026-07-27T11:16:12.635384+00:00", "timestamp_unix": 1785150972.6353843, "operation": "query", "command": "CURR:PROT:STAT? (@1)", "response": "0", "error": null, "duration_s": 0.0008577000116929412}
{"timestamp_iso": "2026-07-27T11:16:12.643347+00:00", "timestamp_unix": 1785150972.6433473, "operation": "write", "command": "OUTP OFF,(@1)", "response": null, "error": null, "duration_s": 0.0001204000145662576}
{"timestamp_iso": "2026-07-27T11:16:12.649625+00:00", "timestamp_unix": 1785150972.6496253, "operation": "query", "command": "SYST:ERR?", "response": "+0,\"No error\"", "error": null, "duration_s": 0.0009480000007897615}
{"timestamp_iso": "2026-07-27T11:16:12.654228+00:00", "timestamp_unix": 1785150972.6542284, "operation": "query", "command": "OUTP? (@1)", "response": "0", "error": null, "duration_s": 0.0007914000016171485}
{"timestamp_iso": "2026-07-27T11:16:12.659145+00:00", "timestamp_unix": 1785150972.659145, "operation": "write", "command": "*CLS", "response": null, "error": null, "duration_s": 0.0001841000048443675}
{"timestamp_iso": "2026-07-27T11:16:12.663599+00:00", "timestamp_unix": 1785150972.6635985, "operation": "query", "command": "SYST:ERR?", "response": "+0,\"No error\"", "error": null, "duration_s": 0.0010811999964062124}
{"timestamp_iso": "2026-07-27T11:16:12.676054+00:00", "timestamp_unix": 1785150972.6760535, "operation": "write", "command": "OUTP OFF,(@1)", "response": null, "error": null, "duration_s": 0.000152900000102818}
{"timestamp_iso": "2026-07-27T11:16:12.681077+00:00", "timestamp_unix": 1785150972.6810772, "operation": "query", "command": "SYST:ERR?", "response": "+0,\"No error\"", "error": null, "duration_s": 0.001277600007597357}
{"timestamp_iso": "2026-07-27T11:16:12.690242+00:00", "timestamp_unix": 1785150972.6902416, "operation": "query", "command": "SYST:CHAN:MOD? (@1)", "response": "N6775A", "error": null, "duration_s": 0.0032219999993685633}
{"timestamp_iso": "2026-07-27T11:16:12.698562+00:00", "timestamp_unix": 1785150972.6985624, "operation": "query", "command": "SYST:CHAN:OPT? (@1)", "response": "\"\"", "error": null, "duration_s": 0.010795500013045967}
{"timestamp_iso": "2026-07-27T11:16:12.714743+00:00", "timestamp_unix": 1785150972.7147434, "operation": "query", "command": "SYST:CHAN:MOD? (@2)", "response": "N6775A", "error": null, "duration_s": 0.0025117000041063875}
{"timestamp_iso": "2026-07-27T11:16:12.720506+00:00", "timestamp_unix": 1785150972.7205057, "operation": "query", "command": "SYST:CHAN:OPT? (@2)", "response": "\"\"", "error": null, "duration_s": 0.010943700006464496}
{"timestamp_iso": "2026-07-27T11:16:12.737071+00:00", "timestamp_unix": 1785150972.7370713, "operation": "query", "command": "SYST:CHAN:MOD? (@1)", "response": "N6775A", "error": null, "duration_s": 0.0032537000079173595}
{"timestamp_iso": "2026-07-27T11:16:12.743812+00:00", "timestamp_unix": 1785150972.743812, "operation": "query", "command": "SYST:CHAN:SER? (@1)", "response": "MY45001931", "error": null, "duration_s": 0.003572299989173189}
{"timestamp_iso": "2026-07-27T11:16:12.750513+00:00", "timestamp_unix": 1785150972.7505128, "operation": "query", "command": "SYST:CHAN:OPT? (@1)", "response": "\"\"", "error": null, "duration_s": 0.010784099984448403}
{"timestamp_iso": "2026-07-27T11:16:12.766950+00:00", "timestamp_unix": 1785150972.76695, "operation": "write", "command": "OUTP OFF,(@1)", "response": null, "error": null, "duration_s": 0.00015820001135580242}
{"timestamp_iso": "2026-07-27T11:16:12.770549+00:00", "timestamp_unix": 1785150972.7705493, "operation": "query", "command": "SYST:ERR?", "response": "+0,\"No error\"", "error": null, "duration_s": 0.0009632000001147389}
{"timestamp_iso": "2026-07-27T11:16:12.776392+00:00", "timestamp_unix": 1785150972.7763922, "operation": "query", "command": "*IDN?", "response": "Agilent Technologies,N6700B,MY43014421,D.04.10", "error": null, "duration_s": 0.0006712999893352389}
{"timestamp_iso": "2026-07-27T11:16:12.782545+00:00", "timestamp_unix": 1785150972.7825446, "operation": "query", "command": "*OPT?", "response": "0", "error": null, "duration_s": 0.030824399989796802}
{"timestamp_iso": "2026-07-27T11:16:12.819113+00:00", "timestamp_unix": 1785150972.8191135, "operation": "query", "command": "*OPC?", "response": "1", "error": null, "duration_s": 0.0048704999790061265}
{"timestamp_iso": "2026-07-27T11:16:12.828904+00:00", "timestamp_unix": 1785150972.828904, "operation": "query", "command": "*STB?", "response": "+0", "error": null, "duration_s": 0.0010178000084124506}
{"timestamp_iso": "2026-07-27T11:16:12.834883+00:00", "timestamp_unix": 1785150972.834883, "operation": "query", "command": "*ESR?", "response": "+0", "error": null, "duration_s": 0.001222599996253848}
{"timestamp_iso": "2026-07-27T11:16:12.841428+00:00", "timestamp_unix": 1785150972.8414283, "operation": "write", "command": "OUTP OFF,(@1)", "response": null, "error": null, "duration_s": 0.000135600013891235}
{"timestamp_iso": "2026-07-27T11:16:12.844963+00:00", "timestamp_unix": 1785150972.8449628, "operation": "query", "command": "SYST:ERR?", "response": "+0,\"No error\"", "error": null, "duration_s": 0.0012146999943070114}
{"timestamp_iso": "2026-07-27T11:16:12.851012+00:00", "timestamp_unix": 1785150972.851012, "operation": "write", "command": "OUTP OFF,(@1)", "response": null, "error": null, "duration_s": 0.00016980001237243414}
{"timestamp_iso": "2026-07-27T11:16:12.854565+00:00", "timestamp_unix": 1785150972.8545647, "operation": "query", "command": "SYST:ERR?", "response": "+0,\"No error\"", "error": null, "duration_s": 0.0008969999908003956}
{"timestamp_iso": "2026-07-27T11:16:12.859182+00:00", "timestamp_unix": 1785150972.8591821, "operation": "query", "command": "*TST?", "response": "+0", "error": null, "duration_s": 0.1577030999760609}
{"timestamp_iso": "2026-07-27T11:16:13.024447+00:00", "timestamp_unix": 1785150973.0244467, "operation": "write", "command": "OUTP OFF,(@1)", "response": null, "error": null, "duration_s": 0.00018279999494552612}
{"timestamp_iso": "2026-07-27T11:16:13.027989+00:00", "timestamp_unix": 1785150973.0279891, "operation": "query", "command": "SYST:ERR?", "response": "+0,\"No error\"", "error": null, "duration_s": 0.0010311999940313399}
{"timestamp_iso": "2026-07-27T11:16:13.033974+00:00", "timestamp_unix": 1785150973.033974, "operation": "write", "command": "*CLS", "response": null, "error": null, "duration_s": 0.00020519999088719487}
{"timestamp_iso": "2026-07-27T11:16:13.038242+00:00", "timestamp_unix": 1785150973.0382423, "operation": "write", "command": "*WAI", "response": null, "error": null, "duration_s": 0.00015830001211725175}
{"timestamp_iso": "2026-07-27T11:16:13.042381+00:00", "timestamp_unix": 1785150973.0423808, "operation": "query", "command": "SYST:ERR?", "response": "+0,\"No error\"", "error": null, "duration_s": 0.07899000000907108}
{"timestamp_iso": "2026-07-27T11:16:13.124990+00:00", "timestamp_unix": 1785150973.1249905, "operation": "query", "command": "*OPC?", "response": "1", "error": null, "duration_s": 0.005017000017687678}
{"timestamp_iso": "2026-07-27T11:16:13.136212+00:00", "timestamp_unix": 1785150973.136212, "operation": "query", "command": "SYST:ERR?", "response": "+0,\"No error\"", "error": null, "duration_s": 0.0010258999827783555}
{"timestamp_iso": "2026-07-27T11:16:13.141735+00:00", "timestamp_unix": 1785150973.1417348, "operation": "query", "command": "SYST:ERR?", "response": "+0,\"No error\"", "error": null, "duration_s": 0.000908799993339926}
{"timestamp_iso": "2026-07-27T11:16:13.146410+00:00", "timestamp_unix": 1785150973.1464095, "operation": "write", "command": "OUTP OFF,(@1)", "response": null, "error": null, "duration_s": 0.00015300000086426735}
{"timestamp_iso": "2026-07-27T11:16:13.151232+00:00", "timestamp_unix": 1785150973.1512325, "operation": "query", "command": "SYST:ERR?", "response": "+0,\"No error\"", "error": null, "duration_s": 0.0012901999871246517}
{"timestamp_iso": "2026-07-27T11:16:13.159892+00:00", "timestamp_unix": 1785150973.159892, "operation": "write", "command": "OUTP OFF,(@1)", "response": null, "error": null, "duration_s": 0.00018580001778900623}
{"timestamp_iso": "2026-07-27T11:16:13.165093+00:00", "timestamp_unix": 1785150973.165093, "operation": "query", "command": "SYST:ERR?", "response": "+0,\"No error\"", "error": null, "duration_s": 0.0010954999888781458}
{"timestamp_iso": "2026-07-27T11:16:13.171274+00:00", "timestamp_unix": 1785150973.1712737, "operation": "write", "command": "VOLT 1,(@1)", "response": null, "error": null, "duration_s": 0.00016280001727864146}
{"timestamp_iso": "2026-07-27T11:16:13.175770+00:00", "timestamp_unix": 1785150973.1757698, "operation": "query", "command": "SYST:ERR?", "response": "+0,\"No error\"", "error": null, "duration_s": 0.0009960000170394778}
{"timestamp_iso": "2026-07-27T11:16:13.184155+00:00", "timestamp_unix": 1785150973.1841555, "operation": "query", "command": "VOLT? (@1)", "response": "+1.000000E+00", "error": null, "duration_s": 0.0010190000175498426}
{"timestamp_iso": "2026-07-27T11:16:13.193227+00:00", "timestamp_unix": 1785150973.1932266, "operation": "query", "command": "VOLT? (@1)", "response": "+1.000000E+00", "error": null, "duration_s": 0.0011728999961633235}
{"timestamp_iso": "2026-07-27T11:16:13.200584+00:00", "timestamp_unix": 1785150973.2005842, "operation": "query", "command": "SYST:ERR?", "response": "+0,\"No error\"", "error": null, "duration_s": 0.0012433000083547086}
{"timestamp_iso": "2026-07-27T11:16:13.205995+00:00", "timestamp_unix": 1785150973.205995, "operation": "write", "command": "OUTP OFF,(@1)", "response": null, "error": null, "duration_s": 9.400001727044582e-05}
{"timestamp_iso": "2026-07-27T11:16:13.210051+00:00", "timestamp_unix": 1785150973.2100508, "operation": "query", "command": "SYST:ERR?", "response": "+0,\"No error\"", "error": null, "duration_s": 0.0009661999938543886}
{"timestamp_iso": "2026-07-27T11:16:13.216357+00:00", "timestamp_unix": 1785150973.2163568, "operation": "write", "command": "OUTP OFF,(@1)", "response": null, "error": null, "duration_s": 0.0001221999991685152}
{"timestamp_iso": "2026-07-27T11:16:13.219835+00:00", "timestamp_unix": 1785150973.2198348, "operation": "query", "command": "SYST:ERR?", "response": "+0,\"No error\"", "error": null, "duration_s": 0.0009436999971512705}
{"timestamp_iso": "2026-07-27T11:16:13.224956+00:00", "timestamp_unix": 1785150973.2249558, "operation": "write", "command": "CURR 0.1,(@1)", "response": null, "error": null, "duration_s": 0.00011969998013228178}
{"timestamp_iso": "2026-07-27T11:16:13.230911+00:00", "timestamp_unix": 1785150973.2309115, "operation": "query", "command": "SYST:ERR?", "response": "+0,\"No error\"", "error": null, "duration_s": 0.001139500003773719}
{"timestamp_iso": "2026-07-27T11:16:13.239595+00:00", "timestamp_unix": 1785150973.2395954, "operation": "query", "command": "CURR? (@1)", "response": "+1.000000E-01", "error": null, "duration_s": 0.0008577000116929412}
{"timestamp_iso": "2026-07-27T11:16:13.247563+00:00", "timestamp_unix": 1785150973.2475634, "operation": "query", "command": "CURR? (@1)", "response": "+1.000000E-01", "error": null, "duration_s": 0.0009095999994315207}
{"timestamp_iso": "2026-07-27T11:16:13.256227+00:00", "timestamp_unix": 1785150973.2562265, "operation": "query", "command": "SYST:ERR?", "response": "+0,\"No error\"", "error": null, "duration_s": 0.0010097000049427152}
{"timestamp_iso": "2026-07-27T11:16:13.262047+00:00", "timestamp_unix": 1785150973.262047, "operation": "write", "command": "OUTP OFF,(@1)", "response": null, "error": null, "duration_s": 0.00013490000856108963}
{"timestamp_iso": "2026-07-27T11:16:13.265518+00:00", "timestamp_unix": 1785150973.2655182, "operation": "query", "command": "SYST:ERR?", "response": "+0,\"No error\"", "error": null, "duration_s": 0.0009301000100094825}
{"timestamp_iso": "2026-07-27T11:16:13.271644+00:00", "timestamp_unix": 1785150973.2716444, "operation": "write", "command": "VOLT 1,(@1)", "response": null, "error": null, "duration_s": 0.00018089998047798872}
{"timestamp_iso": "2026-07-27T11:16:13.275354+00:00", "timestamp_unix": 1785150973.2753537, "operation": "write", "command": "CURR 0.1,(@1)", "response": null, "error": null, "duration_s": 0.0001303000026382506}
{"timestamp_iso": "2026-07-27T11:16:13.278621+00:00", "timestamp_unix": 1785150973.2786212, "operation": "write", "command": "VOLT:PROT 2,(@1)", "response": null, "error": null, "duration_s": 0.00016220001270994544}
{"timestamp_iso": "2026-07-27T11:16:13.281943+00:00", "timestamp_unix": 1785150973.2819433, "operation": "write", "command": "CURR:PROT:STAT ON,(@1)", "response": null, "error": null, "duration_s": 0.00017300000763498247}
{"timestamp_iso": "2026-07-27T11:16:13.285130+00:00", "timestamp_unix": 1785150973.28513, "operation": "write", "command": "OUTP OFF,(@1)", "response": null, "error": null, "duration_s": 0.0001351000100839883}
{"timestamp_iso": "2026-07-27T11:16:13.288654+00:00", "timestamp_unix": 1785150973.2886536, "operation": "query", "command": "SYST:ERR?", "response": "+0,\"No error\"", "error": null, "duration_s": 0.0012543000048026443}
{"timestamp_iso": "2026-07-27T11:16:13.295444+00:00", "timestamp_unix": 1785150973.2954443, "operation": "query", "command": "OUTP? (@1)", "response": "0", "error": null, "duration_s": 0.0007276000105775893}
{"timestamp_iso": "2026-07-27T11:16:13.299809+00:00", "timestamp_unix": 1785150973.299809, "operation": "query", "command": "VOLT? (@1)", "response": "+1.000000E+00", "error": null, "duration_s": 0.0008532000065315515}
{"timestamp_iso": "2026-07-27T11:16:13.305904+00:00", "timestamp_unix": 1785150973.305904, "operation": "query", "command": "CURR? (@1)", "response": "+1.000000E-01", "error": null, "duration_s": 0.0008662000182084739}
{"timestamp_iso": "2026-07-27T11:16:13.310869+00:00", "timestamp_unix": 1785150973.310869, "operation": "query", "command": "VOLT:PROT? (@1)", "response": "+2.000000E+00", "error": null, "duration_s": 0.0010865000076591969}
{"timestamp_iso": "2026-07-27T11:16:13.318321+00:00", "timestamp_unix": 1785150973.3183212, "operation": "query", "command": "CURR:PROT:STAT? (@1)", "response": "1", "error": null, "duration_s": 0.0008611999801360071}
{"timestamp_iso": "2026-07-27T11:16:13.331361+00:00", "timestamp_unix": 1785150973.3313613, "operation": "query", "command": "SYST:ERR?", "response": "+0,\"No error\"", "error": null, "duration_s": 0.0010077999904751778}
{"timestamp_iso": "2026-07-27T11:16:13.337126+00:00", "timestamp_unix": 1785150973.3371265, "operation": "write", "command": "OUTP OFF,(@1)", "response": null, "error": null, "duration_s": 0.0001680999994277954}
{"timestamp_iso": "2026-07-27T11:16:13.341832+00:00", "timestamp_unix": 1785150973.3418317, "operation": "query", "command": "SYST:ERR?", "response": "+0,\"No error\"", "error": null, "duration_s": 0.0009701999952085316}
{"timestamp_iso": "2026-07-27T11:16:13.347754+00:00", "timestamp_unix": 1785150973.3477538, "operation": "write", "command": "OUTP OFF,(@1)", "response": null, "error": null, "duration_s": 0.00014760001795366406}
{"timestamp_iso": "2026-07-27T11:16:13.351279+00:00", "timestamp_unix": 1785150973.3512795, "operation": "query", "command": "SYST:ERR?", "response": "+0,\"No error\"", "error": null, "duration_s": 0.0010935000027529895}
{"timestamp_iso": "2026-07-27T11:16:13.357248+00:00", "timestamp_unix": 1785150973.3572476, "operation": "write", "command": "OUTP OFF,(@1)", "response": null, "error": null, "duration_s": 0.00015750000602565706}
{"timestamp_iso": "2026-07-27T11:16:13.360414+00:00", "timestamp_unix": 1785150973.360414, "operation": "query", "command": "SYST:ERR?", "response": "+0,\"No error\"", "error": null, "duration_s": 0.0009902000019792467}
{"timestamp_iso": "2026-07-27T11:16:13.365712+00:00", "timestamp_unix": 1785150973.3657117, "operation": "query", "command": "OUTP? (@1)", "response": "0", "error": null, "duration_s": 0.0007264000014401972}
{"timestamp_iso": "2026-07-27T11:16:13.371384+00:00", "timestamp_unix": 1785150973.3713837, "operation": "write", "command": "OUTP OFF,(@1)", "response": null, "error": null, "duration_s": 0.00016190001042559743}
{"timestamp_iso": "2026-07-27T11:16:13.374566+00:00", "timestamp_unix": 1785150973.374566, "operation": "query", "command": "SYST:ERR?", "response": "+0,\"No error\"", "error": null, "duration_s": 0.001424900023266673}
{"timestamp_iso": "2026-07-27T11:16:13.380614+00:00", "timestamp_unix": 1785150973.3806136, "operation": "query", "command": "OUTP? (@1)", "response": "0", "error": null, "duration_s": 0.0007582000107504427}
{"timestamp_iso": "2026-07-27T11:16:13.384868+00:00", "timestamp_unix": 1785150973.3848681, "operation": "query", "command": "SYST:ERR?", "response": "+0,\"No error\"", "error": null, "duration_s": 0.0011574999953154474}
{"timestamp_iso": "2026-07-27T11:16:13.390826+00:00", "timestamp_unix": 1785150973.390826, "operation": "write", "command": "OUTP OFF,(@1)", "response": null, "error": null, "duration_s": 0.00016220001270994544}
{"timestamp_iso": "2026-07-27T11:16:13.394847+00:00", "timestamp_unix": 1785150973.3948474, "operation": "query", "command": "SYST:ERR?", "response": "+0,\"No error\"", "error": null, "duration_s": 0.0011832999880425632}
{"timestamp_iso": "2026-07-27T11:16:13.401150+00:00", "timestamp_unix": 1785150973.4011497, "operation": "write", "command": "OUTP OFF,(@1)", "response": null, "error": null, "duration_s": 0.00013530001160688698}
{"timestamp_iso": "2026-07-27T11:16:13.404299+00:00", "timestamp_unix": 1785150973.4042995, "operation": "query", "command": "SYST:ERR?", "response": "+0,\"No error\"", "error": null, "duration_s": 0.0010655999940354377}
{"timestamp_iso": "2026-07-27T11:16:13.409748+00:00", "timestamp_unix": 1785150973.4097483, "operation": "write", "command": "VOLT:PROT 2,(@1)", "response": null, "error": null, "duration_s": 0.00015129998791962862}
{"timestamp_iso": "2026-07-27T11:16:13.412871+00:00", "timestamp_unix": 1785150973.4128706, "operation": "query", "command": "SYST:ERR?", "response": "+0,\"No error\"", "error": null, "duration_s": 0.001159599982202053}
{"timestamp_iso": "2026-07-27T11:16:13.417792+00:00", "timestamp_unix": 1785150973.4177918, "operation": "query", "command": "VOLT:PROT? (@1)", "response": "+2.000000E+00", "error": null, "duration_s": 0.0008895000210031867}
{"timestamp_iso": "2026-07-27T11:16:13.425777+00:00", "timestamp_unix": 1785150973.425777, "operation": "write", "command": "CURR:PROT:STAT ON,(@1)", "response": null, "error": null, "duration_s": 0.000142700009746477}
{"timestamp_iso": "2026-07-27T11:16:13.429448+00:00", "timestamp_unix": 1785150973.429448, "operation": "query", "command": "SYST:ERR?", "response": "+0,\"No error\"", "error": null, "duration_s": 0.0009917999850586057}
{"timestamp_iso": "2026-07-27T11:16:13.434980+00:00", "timestamp_unix": 1785150973.43498, "operation": "query", "command": "CURR:PROT:STAT? (@1)", "response": "1", "error": null, "duration_s": 0.0010680000123102218}
{"timestamp_iso": "2026-07-27T11:16:13.440626+00:00", "timestamp_unix": 1785150973.4406264, "operation": "write", "command": "CURR:PROT:STAT OFF,(@1)", "response": null, "error": null, "duration_s": 0.00019650001195259392}
{"timestamp_iso": "2026-07-27T11:16:13.444161+00:00", "timestamp_unix": 1785150973.4441612, "operation": "query", "command": "SYST:ERR?", "response": "+0,\"No error\"", "error": null, "duration_s": 0.001103100017644465}
{"timestamp_iso": "2026-07-27T11:16:13.450079+00:00", "timestamp_unix": 1785150973.4500794, "operation": "query", "command": "CURR:PROT:STAT? (@1)", "response": "0", "error": null, "duration_s": 0.0014741999912075698}
{"timestamp_iso": "2026-07-27T11:16:13.457497+00:00", "timestamp_unix": 1785150973.457497, "operation": "query", "command": "CURR:PROT:STAT? (@1)", "response": "0", "error": null, "duration_s": 0.0010550000006332994}
{"timestamp_iso": "2026-07-27T11:16:13.463569+00:00", "timestamp_unix": 1785150973.4635694, "operation": "query", "command": "SYST:ERR?", "response": "+0,\"No error\"", "error": null, "duration_s": 0.0012596999877132475}
{"timestamp_iso": "2026-07-27T11:16:13.470029+00:00", "timestamp_unix": 1785150973.470029, "operation": "write", "command": "OUTP OFF,(@1)", "response": null, "error": null, "duration_s": 0.000169599981745705}
{"timestamp_iso": "2026-07-27T11:16:13.473202+00:00", "timestamp_unix": 1785150973.4732018, "operation": "query", "command": "SYST:ERR?", "response": "+0,\"No error\"", "error": null, "duration_s": 0.0015884000167716295}
{"timestamp_iso": "2026-07-27T11:16:13.480529+00:00", "timestamp_unix": 1785150973.4805288, "operation": "write", "command": "OUTP OFF,(@1)", "response": null, "error": null, "duration_s": 0.0001561000244691968}
{"timestamp_iso": "2026-07-27T11:16:13.483681+00:00", "timestamp_unix": 1785150973.4836812, "operation": "query", "command": "SYST:ERR?", "response": "+0,\"No error\"", "error": null, "duration_s": 0.0015400999982375652}
{"timestamp_iso": "2026-07-27T11:16:13.489430+00:00", "timestamp_unix": 1785150973.4894304, "operation": "query", "command": "MEAS:VOLT? (@1)", "response": "+3.520995E-03", "error": null, "duration_s": 0.028014999988954514}
{"timestamp_iso": "2026-07-27T11:16:13.522271+00:00", "timestamp_unix": 1785150973.5222714, "operation": "query", "command": "MEAS:CURR? (@1)", "response": "+4.636353E-04", "error": null, "duration_s": 0.026908300002105534}
{"timestamp_iso": "2026-07-27T11:16:13.553014+00:00", "timestamp_unix": 1785150973.5530136, "operation": "query", "command": "MEAS:VOLT? (@1)", "response": "+3.243200E-03", "error": null, "duration_s": 0.026244800013955683}
{"timestamp_iso": "2026-07-27T11:16:13.582496+00:00", "timestamp_unix": 1785150973.5824964, "operation": "query", "command": "MEAS:CURR? (@1)", "response": "+4.953457E-04", "error": null, "duration_s": 0.026715499989222735}
{"timestamp_iso": "2026-07-27T11:16:13.613229+00:00", "timestamp_unix": 1785150973.6132288, "operation": "query", "command": "MEAS:VOLT? (@1)", "response": "+4.068359E-03", "error": null, "duration_s": 0.028134499996667728}
{"timestamp_iso": "2026-07-27T11:16:13.645559+00:00", "timestamp_unix": 1785150973.6455588, "operation": "query", "command": "MEAS:CURR? (@1)", "response": "+4.407697E-04", "error": null, "duration_s": 0.026030599983641878}
{"timestamp_iso": "2026-07-27T11:16:13.682571+00:00", "timestamp_unix": 1785150973.682571, "operation": "query", "command": "MEAS:VOLT? (@1)", "response": "+2.878397E-03", "error": null, "duration_s": 0.02670310001121834}
{"timestamp_iso": "2026-07-27T11:16:13.713063+00:00", "timestamp_unix": 1785150973.7130635, "operation": "query", "command": "MEAS:CURR? (@1)", "response": "+4.634362E-04", "error": null, "duration_s": 0.02824059998965822}
{"timestamp_iso": "2026-07-27T11:16:13.744834+00:00", "timestamp_unix": 1785150973.7448344, "operation": "query", "command": "MEAS:VOLT? (@2)", "response": "-6.411136E-05", "error": null, "duration_s": 0.0262423999956809}
{"timestamp_iso": "2026-07-27T11:16:13.774147+00:00", "timestamp_unix": 1785150973.7741468, "operation": "query", "command": "MEAS:CURR? (@2)", "response": "-5.622569E-04", "error": null, "duration_s": 0.028877200005808845}
{"timestamp_iso": "2026-07-27T11:16:13.821110+00:00", "timestamp_unix": 1785150973.8211102, "operation": "query", "command": "SYST:ERR?", "response": "+0,\"No error\"", "error": null, "duration_s": 0.00122079998254776}
{"timestamp_iso": "2026-07-27T11:16:13.828337+00:00", "timestamp_unix": 1785150973.8283374, "operation": "write", "command": "OUTP OFF,(@1)", "response": null, "error": null, "duration_s": 0.00015849998453631997}
{"timestamp_iso": "2026-07-27T11:16:13.831725+00:00", "timestamp_unix": 1785150973.8317251, "operation": "query", "command": "SYST:ERR?", "response": "+0,\"No error\"", "error": null, "duration_s": 0.0010132000024896115}
{"timestamp_iso": "2026-07-27T11:16:13.837522+00:00", "timestamp_unix": 1785150973.837522, "operation": "write", "command": "OUTP OFF,(@1)", "response": null, "error": null, "duration_s": 0.00013559998478740454}
{"timestamp_iso": "2026-07-27T11:16:13.840652+00:00", "timestamp_unix": 1785150973.840652, "operation": "query", "command": "SYST:ERR?", "response": "+0,\"No error\"", "error": null, "duration_s": 0.0011705000069923699}
{"timestamp_iso": "2026-07-27T11:16:13.845867+00:00", "timestamp_unix": 1785150973.845867, "operation": "query", "command": "MEAS:VOLT? (@1)", "response": "+3.760823E-03", "error": null, "duration_s": 0.027429399982793257}
{"timestamp_iso": "2026-07-27T11:16:13.877455+00:00", "timestamp_unix": 1785150973.877455, "operation": "query", "command": "MEAS:CURR? (@1)", "response": "+5.072621E-04", "error": null, "duration_s": 0.02581990000908263}
{"timestamp_iso": "2026-07-27T11:16:13.907095+00:00", "timestamp_unix": 1785150973.9070947, "operation": "query", "command": "MEAS:VOLT? (@1)", "response": "+3.775377E-03", "error": null, "duration_s": 0.02837139999610372}
{"timestamp_iso": "2026-07-27T11:16:13.941125+00:00", "timestamp_unix": 1785150973.9411252, "operation": "query", "command": "MEAS:CURR? (@1)", "response": "+4.742718E-04", "error": null, "duration_s": 0.028016399999614805}
{"timestamp_iso": "2026-07-27T11:16:13.973680+00:00", "timestamp_unix": 1785150973.9736795, "operation": "query", "command": "MEAS:VOLT? (@1)", "response": "+3.887381E-03", "error": null, "duration_s": 0.025628200004575774}
{"timestamp_iso": "2026-07-27T11:16:14.005655+00:00", "timestamp_unix": 1785150974.0056548, "operation": "query", "command": "MEAS:CURR? (@1)", "response": "+4.547052E-04", "error": null, "duration_s": 0.02760250002029352}
{"timestamp_iso": "2026-07-27T11:16:14.040356+00:00", "timestamp_unix": 1785150974.0403564, "operation": "query", "command": "MEAS:VOLT? (@1)", "response": "+3.877573E-03", "error": null, "duration_s": 0.026899299991782755}
{"timestamp_iso": "2026-07-27T11:16:14.071393+00:00", "timestamp_unix": 1785150974.0713935, "operation": "query", "command": "MEAS:CURR? (@1)", "response": "+4.421063E-04", "error": null, "duration_s": 0.02591480000410229}
{"timestamp_iso": "2026-07-27T11:16:14.104450+00:00", "timestamp_unix": 1785150974.1044502, "operation": "query", "command": "MEAS:VOLT? (@1)", "response": "+2.766393E-03", "error": null, "duration_s": 0.027039799984777346}
{"timestamp_iso": "2026-07-27T11:16:14.138023+00:00", "timestamp_unix": 1785150974.1380231, "operation": "write", "command": "OUTP OFF,(@1)", "response": null, "error": null, "duration_s": 0.0001033000007737428}
{"timestamp_iso": "2026-07-27T11:16:14.141987+00:00", "timestamp_unix": 1785150974.1419866, "operation": "query", "command": "SYST:ERR?", "response": "+0,\"No error\"", "error": null, "duration_s": 0.0009972999978344887}
{"timestamp_iso": "2026-07-27T11:16:14.148104+00:00", "timestamp_unix": 1785150974.1481037, "operation": "write", "command": "OUTP OFF,(@1)", "response": null, "error": null, "duration_s": 0.00014570000348612666}
{"timestamp_iso": "2026-07-27T11:16:14.151944+00:00", "timestamp_unix": 1785150974.151944, "operation": "query", "command": "SYST:ERR?", "response": "+0,\"No error\"", "error": null, "duration_s": 0.0009994000138249248}
{"timestamp_iso": "2026-07-27T11:16:14.156097+00:00", "timestamp_unix": 1785150974.1560972, "operation": "query", "command": "STAT:QUES:COND? (@1)", "response": "+0", "error": null, "duration_s": 0.0008756000024732202}
{"timestamp_iso": "2026-07-27T11:16:14.161373+00:00", "timestamp_unix": 1785150974.1613727, "operation": "query", "command": "STAT:QUES:COND? (@1)", "response": "+0", "error": null, "duration_s": 0.0009519000013824552}
{"timestamp_iso": "2026-07-27T11:16:14.169077+00:00", "timestamp_unix": 1785150974.1690772, "operation": "query", "command": "STAT:QUES:COND? (@1)", "response": "+0", "error": null, "duration_s": 0.001275100017664954}
{"timestamp_iso": "2026-07-27T11:16:14.173939+00:00", "timestamp_unix": 1785150974.1739385, "operation": "query", "command": "OUTP? (@1)", "response": "0", "error": null, "duration_s": 0.0008967999892774969}
{"timestamp_iso": "2026-07-27T11:16:14.179551+00:00", "timestamp_unix": 1785150974.1795511, "operation": "write", "command": "OUTP OFF,(@1)", "response": null, "error": null, "duration_s": 0.0001838000025600195}
{"timestamp_iso": "2026-07-27T11:16:14.182302+00:00", "timestamp_unix": 1785150974.1823025, "operation": "write", "command": "OUTP:PROT:CLE (@1)", "response": null, "error": null, "duration_s": 0.00012160002370364964}
{"timestamp_iso": "2026-07-27T11:16:14.185086+00:00", "timestamp_unix": 1785150974.1850855, "operation": "query", "command": "STAT:QUES:COND? (@1)", "response": "+0", "error": null, "duration_s": 0.0011344999948050827}
{"timestamp_iso": "2026-07-27T11:16:14.189691+00:00", "timestamp_unix": 1785150974.189691, "operation": "query", "command": "OUTP? (@1)", "response": "0", "error": null, "duration_s": 0.000750600011087954}
{"timestamp_iso": "2026-07-27T11:16:14.193149+00:00", "timestamp_unix": 1785150974.1931486, "operation": "query", "command": "SYST:ERR?", "response": "+0,\"No error\"", "error": null, "duration_s": 0.0012234000023454428}
{"timestamp_iso": "2026-07-27T11:16:14.200642+00:00", "timestamp_unix": 1785150974.2006416, "operation": "query", "command": "OUTP? (@1)", "response": "0", "error": null, "duration_s": 0.0008424000116065145}
{"timestamp_iso": "2026-07-27T11:16:14.207680+00:00", "timestamp_unix": 1785150974.2076795, "operation": "query", "command": "SYST:ERR?", "response": "+0,\"No error\"", "error": null, "duration_s": 0.0009992000123020262}
{"timestamp_iso": "2026-07-27T11:16:14.215335+00:00", "timestamp_unix": 1785150974.215335, "operation": "write", "command": "OUTP OFF,(@1)", "response": null, "error": null, "duration_s": 0.00017079999088309705}
{"timestamp_iso": "2026-07-27T11:16:14.220327+00:00", "timestamp_unix": 1785150974.2203267, "operation": "query", "command": "SYST:ERR?", "response": "+0,\"No error\"", "error": null, "duration_s": 0.0010901000059675425}
{"timestamp_iso": "2026-07-27T11:16:14.228466+00:00", "timestamp_unix": 1785150974.2284656, "operation": "write", "command": "*CLS", "response": null, "error": null, "duration_s": 0.000242499983869493}
{"timestamp_iso": "2026-07-27T11:16:14.233647+00:00", "timestamp_unix": 1785150974.233647, "operation": "write", "command": "N6775A:INVALID:COMMAND", "response": null, "error": null, "duration_s": 0.0001503000094089657}
{"timestamp_iso": "2026-07-27T11:16:14.238487+00:00", "timestamp_unix": 1785150974.2384872, "operation": "query", "command": "SYST:ERR?", "response": "-113,\"Undefined header\"", "error": null, "duration_s": 0.0015310999879147857}
{"timestamp_iso": "2026-07-27T11:16:14.244084+00:00", "timestamp_unix": 1785150974.2440836, "operation": "query", "command": "SYST:ERR?", "response": "+0,\"No error\"", "error": null, "duration_s": 0.0010959000210277736}
{"timestamp_iso": "2026-07-27T11:16:14.251321+00:00", "timestamp_unix": 1785150974.251321, "operation": "query", "command": "*IDN?", "response": "Agilent Technologies,N6700B,MY43014421,D.04.10", "error": null, "duration_s": 0.0006786000158172101}
{"timestamp_iso": "2026-07-27T11:16:14.256253+00:00", "timestamp_unix": 1785150974.256253, "operation": "query", "command": "SYST:ERR?", "response": "+0,\"No error\"", "error": null, "duration_s": 0.0010065999813377857}
{"timestamp_iso": "2026-07-27T11:16:14.262688+00:00", "timestamp_unix": 1785150974.2626882, "operation": "write", "command": "OUTP OFF,(@1)", "response": null, "error": null, "duration_s": 0.0002423000114504248}
{"timestamp_iso": "2026-07-27T11:16:14.266610+00:00", "timestamp_unix": 1785150974.2666104, "operation": "query", "command": "SYST:ERR?", "response": "+0,\"No error\"", "error": null, "duration_s": 0.001056499982951209}
{"timestamp_iso": "2026-07-27T11:16:14.343263+00:00", "timestamp_unix": 1785150974.3432631, "operation": "query", "command": "SYST:ERR?", "response": "+0,\"No error\"", "error": null, "duration_s": 0.0010316999978385866}
{"timestamp_iso": "2026-07-27T11:16:14.350943+00:00", "timestamp_unix": 1785150974.3509433, "operation": "write", "command": "OUTP OFF,(@1)", "response": null, "error": null, "duration_s": 0.0001711999939288944}
{"timestamp_iso": "2026-07-27T11:16:14.354933+00:00", "timestamp_unix": 1785150974.3549325, "operation": "query", "command": "SYST:ERR?", "response": "+0,\"No error\"", "error": null, "duration_s": 0.001106500014429912}
{"timestamp_iso": "2026-07-27T11:16:14.438295+00:00", "timestamp_unix": 1785150974.4382951, "operation": "query", "command": "SYST:ERR?", "response": "+0,\"No error\"", "error": null, "duration_s": 0.0010921000211965293}
{"timestamp_iso": "2026-07-27T11:16:14.475495+00:00", "timestamp_unix": 1785150974.4754946, "operation": "write", "command": "OUTP OFF,(@1)", "response": null, "error": null, "duration_s": 0.00012809998588636518}
{"timestamp_iso": "2026-07-27T11:16:14.479486+00:00", "timestamp_unix": 1785150974.479486, "operation": "query", "command": "SYST:ERR?", "response": "+0,\"No error\"", "error": null, "duration_s": 0.0009701999952085316}
{"timestamp_iso": "2026-07-27T11:16:14.490331+00:00", "timestamp_unix": 1785150974.4903307, "operation": "write", "command": "OUTP OFF,(@1)", "response": null, "error": null, "duration_s": 0.00015200002235360444}
{"timestamp_iso": "2026-07-27T11:16:14.494125+00:00", "timestamp_unix": 1785150974.4941254, "operation": "query", "command": "SYST:ERR?", "response": "+0,\"No error\"", "error": null, "duration_s": 0.0011773999722208828}
{"timestamp_iso": "2026-07-27T11:16:14.506779+00:00", "timestamp_unix": 1785150974.506779, "operation": "write", "command": "OUTP OFF,(@1)", "response": null, "error": null, "duration_s": 0.00016039999900385737}
{"timestamp_iso": "2026-07-27T11:16:14.510480+00:00", "timestamp_unix": 1785150974.51048, "operation": "query", "command": "SYST:ERR?", "response": "+0,\"No error\"", "error": null, "duration_s": 0.0009939000010490417}
{"timestamp_iso": "2026-07-27T11:16:14.516922+00:00", "timestamp_unix": 1785150974.5169225, "operation": "write", "command": "OUTP OFF,(@1)", "response": null, "error": null, "duration_s": 0.00011190000805072486}
{"timestamp_iso": "2026-07-27T11:16:14.521351+00:00", "timestamp_unix": 1785150974.5213506, "operation": "write", "command": "OUTP OFF,(@2)", "response": null, "error": null, "duration_s": 0.00012159999459981918}
{"timestamp_iso": "2026-07-27T11:16:14.529654+00:00", "timestamp_unix": 1785150974.5296538, "operation": "query", "command": "OUTP? (@1)", "response": "0", "error": null, "duration_s": 0.0007990000012796372}
{"timestamp_iso": "2026-07-27T11:16:14.572108+00:00", "timestamp_unix": 1785150974.5721083, "operation": "write", "command": "OUTP OFF,(@1)", "response": null, "error": null, "duration_s": 0.00016789999790489674}
{"timestamp_iso": "2026-07-27T11:16:14.577207+00:00", "timestamp_unix": 1785150974.577207, "operation": "query", "command": "SYST:ERR?", "response": "+0,\"No error\"", "error": null, "duration_s": 0.0010890999983530492}
{"timestamp_iso": "2026-07-27T11:16:14.582811+00:00", "timestamp_unix": 1785150974.5828106, "operation": "write", "command": "OUTP OFF,(@1)", "response": null, "error": null, "duration_s": 0.00017939999816007912}
{"timestamp_iso": "2026-07-27T11:16:14.586682+00:00", "timestamp_unix": 1785150974.586682, "operation": "write", "command": "OUTP OFF,(@2)", "response": null, "error": null, "duration_s": 0.00016799999866634607}
{"timestamp_iso": "2026-07-27T11:16:14.610019+00:00", "timestamp_unix": 1785150974.6100187, "operation": "query", "command": "*IDN?", "response": "Agilent Technologies,N6700B,MY43014421,D.04.10", "error": null, "duration_s": 0.0007492000004276633}
{"timestamp_iso": "2026-07-27T11:16:14.614990+00:00", "timestamp_unix": 1785150974.6149898, "operation": "query", "command": "SYST:ERR?", "response": "+0,\"No error\"", "error": null, "duration_s": 0.0011709000100381672}
{"timestamp_iso": "2026-07-27T11:16:14.619836+00:00", "timestamp_unix": 1785150974.6198363, "operation": "query", "command": "SYST:CHAN:COUN?", "response": "+2", "error": null, "duration_s": 0.0007939999923110008}
{"timestamp_iso": "2026-07-27T11:16:14.624251+00:00", "timestamp_unix": 1785150974.6242514, "operation": "query", "command": "SYST:CHAN:MOD? (@1)", "response": "N6775A", "error": null, "duration_s": 0.003052699990803376}
{"timestamp_iso": "2026-07-27T11:16:14.634264+00:00", "timestamp_unix": 1785150974.6342645, "operation": "query", "command": "SYST:CHAN:OPT? (@1)", "response": "\"\"", "error": null, "duration_s": 0.011081300006480888}
{"timestamp_iso": "2026-07-27T11:16:14.648573+00:00", "timestamp_unix": 1785150974.648573, "operation": "query", "command": "SYST:CHAN:MOD? (@2)", "response": "N6775A", "error": null, "duration_s": 0.002858899999409914}
{"timestamp_iso": "2026-07-27T11:16:14.656364+00:00", "timestamp_unix": 1785150974.6563642, "operation": "query", "command": "SYST:CHAN:OPT? (@2)", "response": "\"\"", "error": null, "duration_s": 0.012108700000680983}
{"timestamp_iso": "2026-07-27T11:16:14.674213+00:00", "timestamp_unix": 1785150974.674213, "operation": "write", "command": "OUTP OFF,(@1)", "response": null, "error": null, "duration_s": 0.00019570000586099923}
{"timestamp_iso": "2026-07-27T11:16:14.677907+00:00", "timestamp_unix": 1785150974.6779072, "operation": "write", "command": "OUTP OFF,(@2)", "response": null, "error": null, "duration_s": 0.00012809998588636518}
{"timestamp_iso": "2026-07-27T11:16:14.703773+00:00", "timestamp_unix": 1785150974.7037728, "operation": "query", "command": "*IDN?", "response": "Agilent Technologies,N6700B,MY43014421,D.04.10", "error": null, "duration_s": 0.0006516999856103212}
{"timestamp_iso": "2026-07-27T11:16:14.707438+00:00", "timestamp_unix": 1785150974.707438, "operation": "query", "command": "SYST:ERR?", "response": "+0,\"No error\"", "error": null, "duration_s": 0.0010180000099353492}
{"timestamp_iso": "2026-07-27T11:16:14.713076+00:00", "timestamp_unix": 1785150974.7130756, "operation": "query", "command": "SYST:CHAN:COUN?", "response": "+2", "error": null, "duration_s": 0.0009562000050209463}
{"timestamp_iso": "2026-07-27T11:16:14.718961+00:00", "timestamp_unix": 1785150974.7189605, "operation": "query", "command": "SYST:CHAN:MOD? (@1)", "response": "N6775A", "error": null, "duration_s": 0.0033718000049702823}
{"timestamp_iso": "2026-07-27T11:16:14.726923+00:00", "timestamp_unix": 1785150974.7269228, "operation": "query", "command": "SYST:CHAN:OPT? (@1)", "response": "\"\"", "error": null, "duration_s": 0.011310200003208593}
{"timestamp_iso": "2026-07-27T11:16:14.740858+00:00", "timestamp_unix": 1785150974.7408576, "operation": "query", "command": "SYST:CHAN:MOD? (@2)", "response": "N6775A", "error": null, "duration_s": 0.0035552000044845045}
{"timestamp_iso": "2026-07-27T11:16:14.748401+00:00", "timestamp_unix": 1785150974.748401, "operation": "query", "command": "SYST:CHAN:OPT? (@2)", "response": "\"\"", "error": null, "duration_s": 0.010928700008662418}
{"timestamp_iso": "2026-07-27T11:16:14.766312+00:00", "timestamp_unix": 1785150974.7663121, "operation": "write", "command": "OUTP OFF,(@1)", "response": null, "error": null, "duration_s": 0.00015690000145696104}
{"timestamp_iso": "2026-07-27T11:16:14.769596+00:00", "timestamp_unix": 1785150974.7695956, "operation": "query", "command": "SYST:ERR?", "response": "+0,\"No error\"", "error": null, "duration_s": 0.000983599980827421}
{"timestamp_iso": "2026-07-27T11:16:14.833405+00:00", "timestamp_unix": 1785150974.8334053, "operation": "write", "command": "OUTP OFF,(@1)", "response": null, "error": null, "duration_s": 0.00015480001457035542}
{"timestamp_iso": "2026-07-27T11:16:14.837060+00:00", "timestamp_unix": 1785150974.8370597, "operation": "query", "command": "SYST:ERR?", "response": "+0,\"No error\"", "error": null, "duration_s": 0.0011538999970071018}
{"timestamp_iso": "2026-07-27T11:16:14.843685+00:00", "timestamp_unix": 1785150974.8436847, "operation": "write", "command": "OUTP OFF,(@1)", "response": null, "error": null, "duration_s": 0.0001480999926570803}
{"timestamp_iso": "2026-07-27T11:16:14.847061+00:00", "timestamp_unix": 1785150974.847061, "operation": "write", "command": "OUTP OFF,(@2)", "response": null, "error": null, "duration_s": 0.00017590000061318278}
{"timestamp_iso": "2026-07-27T11:16:14.851850+00:00", "timestamp_unix": 1785150974.85185, "operation": "write", "command": "OUTP OFF,(@1)", "response": null, "error": null, "duration_s": 0.00014330001431517303}
{"timestamp_iso": "2026-07-27T11:16:14.855251+00:00", "timestamp_unix": 1785150974.8552513, "operation": "query", "command": "SYST:ERR?", "response": "+0,\"No error\"", "error": null, "duration_s": 0.0011989999911747873}
{"timestamp_iso": "2026-07-27T11:16:14.860737+00:00", "timestamp_unix": 1785150974.8607373, "operation": "write", "command": "VOLT 0,(@1)", "response": null, "error": null, "duration_s": 0.00013720002607442439}
{"timestamp_iso": "2026-07-27T11:16:14.863877+00:00", "timestamp_unix": 1785150974.8638773, "operation": "query", "command": "SYST:ERR?", "response": "+0,\"No error\"", "error": null, "duration_s": 0.0011932000052183867}
{"timestamp_iso": "2026-07-27T11:16:14.869732+00:00", "timestamp_unix": 1785150974.8697321, "operation": "write", "command": "CURR 0.08,(@1)", "response": null, "error": null, "duration_s": 0.00011709998943842947}
{"timestamp_iso": "2026-07-27T11:16:14.873228+00:00", "timestamp_unix": 1785150974.8732276, "operation": "query", "command": "SYST:ERR?", "response": "+0,\"No error\"", "error": null, "duration_s": 0.0010908999829553068}
{"timestamp_iso": "2026-07-27T11:16:14.878244+00:00", "timestamp_unix": 1785150974.8782437, "operation": "write", "command": "VOLT:PROT 66,(@1)", "response": null, "error": null, "duration_s": 0.00014670001110062003}
{"timestamp_iso": "2026-07-27T11:16:14.881634+00:00", "timestamp_unix": 1785150974.8816345, "operation": "query", "command": "SYST:ERR?", "response": "+0,\"No error\"", "error": null, "duration_s": 0.0011901000107172877}
{"timestamp_iso": "2026-07-27T11:16:14.886589+00:00", "timestamp_unix": 1785150974.8865888, "operation": "write", "command": "CURR:PROT:STAT OFF,(@1)", "response": null, "error": null, "duration_s": 0.00016239998512901366}
{"timestamp_iso": "2026-07-27T11:16:14.890410+00:00", "timestamp_unix": 1785150974.8904104, "operation": "query", "command": "SYST:ERR?", "response": "+0,\"No error\"", "error": null, "duration_s": 0.0009985000069718808}
{"timestamp_iso": "2026-07-27T11:16:14.896685+00:00", "timestamp_unix": 1785150974.8966851, "operation": "write", "command": "VOLT 0.07,(@1)", "response": null, "error": null, "duration_s": 0.00014780001947656274}
{"timestamp_iso": "2026-07-27T11:16:14.900286+00:00", "timestamp_unix": 1785150974.9002857, "operation": "query", "command": "SYST:ERR?", "response": "+0,\"No error\"", "error": null, "duration_s": 0.0009666999976616353}
{"timestamp_iso": "2026-07-27T11:16:14.905198+00:00", "timestamp_unix": 1785150974.9051983, "operation": "write", "command": "OUTP OFF,(@1)", "response": null, "error": null, "duration_s": 0.000159099989105016}
{"timestamp_iso": "2026-07-27T11:16:14.908933+00:00", "timestamp_unix": 1785150974.908933, "operation": "query", "command": "SYST:ERR?", "response": "+0,\"No error\"", "error": null, "duration_s": 0.0012366999872028828}
{"timestamp_iso": "2026-07-27T11:16:14.914145+00:00", "timestamp_unix": 1785150974.914145, "operation": "write", "command": "OUTP OFF,(@1)", "response": null, "error": null, "duration_s": 0.0001373999984934926}
{"timestamp_iso": "2026-07-27T11:16:14.916947+00:00", "timestamp_unix": 1785150974.9169471, "operation": "write", "command": "OUTP OFF,(@2)", "response": null, "error": null, "duration_s": 0.00016200001118704677}
