{"command": "*IDN?", "duration_s": 0.0006526999986817827, "error": null, "operation": "query", "response": "Agilent Technologies,N6700B,MY43014421,D.04.10", "timestamp_iso": "2026-07-24T15:45:51.856616+00:00", "timestamp_unix": 1784907951.856616}
{"command": "SYST:CHAN:COUN?", "duration_s": 0.0008077000002231216, "error": null, "operation": "query", "response": "+2", "timestamp_iso": "2026-07-24T15:45:51.859470+00:00", "timestamp_unix": 1784907951.8594704}
{"command": "SYST:CHAN:MOD? (@1)", "duration_s": 0.0027399999999033753, "error": null, "operation": "query", "response": "N6775A", "timestamp_iso": "2026-07-24T15:45:51.863409+00:00", "timestamp_unix": 1784907951.8634086}
{"command": "SYST:CHAN:OPT? (@1)", "duration_s": 0.011233999999603839, "error": null, "operation": "query", "response": "\"\"", "timestamp_iso": "2026-07-24T15:45:51.869876+00:00", "timestamp_unix": 1784907951.8698761}
{"command": "SYST:CHAN:MOD? (@2)", "duration_s": 0.0032749999991210643, "error": null, "operation": "query", "response": "N6775A", "timestamp_iso": "2026-07-24T15:45:51.885937+00:00", "timestamp_unix": 1784907951.8859367}
{"command": "SYST:CHAN:OPT? (@2)", "duration_s": 0.011149899999509216, "error": null, "operation": "query", "response": "\"\"", "timestamp_iso": "2026-07-24T15:45:51.892166+00:00", "timestamp_unix": 1784907951.892166}
{"command": "SYST:CHAN:MOD? (@1)", "duration_s": 0.002944900001239148, "error": null, "operation": "query", "response": "N6775A", "timestamp_iso": "2026-07-24T15:45:52.225238+00:00", "timestamp_unix": 1784907952.225238}
{"command": "SYST:CHAN:SER? (@1)", "duration_s": 0.002915900000516558, "error": null, "operation": "query", "response": "MY45001931", "timestamp_iso": "2026-07-24T15:45:52.232200+00:00", "timestamp_unix": 1784907952.2322004}
{"command": "SYST:CHAN:OPT? (@1)", "duration_s": 0.012057400001140195, "error": null, "operation": "query", "response": "\"\"", "timestamp_iso": "2026-07-24T15:45:52.238699+00:00", "timestamp_unix": 1784907952.2386987}
{"command": "OUTP? (@1)", "duration_s": 0.000969299999269424, "error": null, "operation": "query", "response": "1", "timestamp_iso": "2026-07-24T15:45:52.259763+00:00", "timestamp_unix": 1784907952.2597632}
{"command": "VOLT? (@1)", "duration_s": 0.0008696999993844656, "error": null, "operation": "query", "response": "+1.000000E+01", "timestamp_iso": "2026-07-24T15:45:52.263194+00:00", "timestamp_unix": 1784907952.2631943}
{"command": "CURR? (@1)", "duration_s": 0.0007767999995849095, "error": null, "operation": "query", "response": "+1.000000E-01", "timestamp_iso": "2026-07-24T15:45:52.267033+00:00", "timestamp_unix": 1784907952.2670326}
{"command": "VOLT:PROT? (@1)", "duration_s": 0.0009031000008690171, "error": null, "operation": "query", "response": "+6.000000E+01", "timestamp_iso": "2026-07-24T15:45:52.271250+00:00", "timestamp_unix": 1784907952.2712502}
{"command": "CURR:PROT:STAT? (@1)", "duration_s": 0.0008357999995496357, "error": null, "operation": "query", "response": "0", "timestamp_iso": "2026-07-24T15:45:52.275249+00:00", "timestamp_unix": 1784907952.2752485}
{"command": "SYST:ERR?", "duration_s": 0.0010939000003418187, "error": null, "operation": "query", "response": "-113,\"Undefined header\"", "timestamp_iso": "2026-07-24T15:45:52.284946+00:00", "timestamp_unix": 1784907952.2849457}
{"command": "SYST:ERR?", "duration_s": 0.0013449000016407808, "error": null, "operation": "query", "response": "-420,\"Query UNTERMINATED\"", "timestamp_iso": "2026-07-24T15:45:52.288800+00:00", "timestamp_unix": 1784907952.2887995}
{"command": "SYST:ERR?", "duration_s": 0.0014811000000918284, "error": null, "operation": "query", "response": "-113,\"Undefined header\"", "timestamp_iso": "2026-07-24T15:45:52.293500+00:00", "timestamp_unix": 1784907952.2935004}
{"command": "SYST:ERR?", "duration_s": 0.0014972000008128816, "error": null, "operation": "query", "response": "-420,\"Query UNTERMINATED\"", "timestamp_iso": "2026-07-24T15:45:52.298693+00:00", "timestamp_unix": 1784907952.298693}
{"command": "SYST:ERR?", "duration_s": 0.001319599999987986, "error": null, "operation": "query", "response": "-113,\"Undefined header\"", "timestamp_iso": "2026-07-24T15:45:52.303715+00:00", "timestamp_unix": 1784907952.3037148}
{"command": "SYST:ERR?", "duration_s": 0.001299900000958587, "error": null, "operation": "query", "response": "-420,\"Query UNTERMINATED\"", "timestamp_iso": "2026-07-24T15:45:52.307562+00:00", "timestamp_unix": 1784907952.3075624}
{"command": "SYST:ERR?", "duration_s": 0.0013343999999051448, "error": null, "operation": "query", "response": "-113,\"Undefined header\"", "timestamp_iso": "2026-07-24T15:45:52.311451+00:00", "timestamp_unix": 1784907952.3114512}
{"command": "SYST:ERR?", "duration_s": 0.0012684000012086472, "error": null, "operation": "query", "response": "-420,\"Query UNTERMINATED\"", "timestamp_iso": "2026-07-24T15:45:52.316118+00:00", "timestamp_unix": 1784907952.3161185}
{"command": "SYST:ERR?", "duration_s": 0.0012313999995967606, "error": null, "operation": "query", "response": "-102,\"Syntax error\"", "timestamp_iso": "2026-07-24T15:45:52.321303+00:00", "timestamp_unix": 1784907952.3213031}
{"command": "SYST:ERR?", "duration_s": 0.0012031000005663373, "error": null, "operation": "query", "response": "-420,\"Query UNTERMINATED\"", "timestamp_iso": "2026-07-24T15:45:52.326167+00:00", "timestamp_unix": 1784907952.3261669}
{"command": "SYST:ERR?", "duration_s": 0.0012469999983295565, "error": null, "operation": "query", "response": "-109,\"Missing parameter\"", "timestamp_iso": "2026-07-24T15:45:52.331882+00:00", "timestamp_unix": 1784907952.3318815}
{"command": "SYST:ERR?", "duration_s": 0.001172000000224216, "error": null, "operation": "query", "response": "-420,\"Query UNTERMINATED\"", "timestamp_iso": "2026-07-24T15:45:52.336594+00:00", "timestamp_unix": 1784907952.3365943}
{"command": "SYST:ERR?", "duration_s": 0.0011957999995502178, "error": null, "operation": "query", "response": "-113,\"Undefined header\"", "timestamp_iso": "2026-07-24T15:45:52.340060+00:00", "timestamp_unix": 1784907952.3400598}
{"command": "SYST:ERR?", "duration_s": 0.0014889000012772158, "error": null, "operation": "query", "response": "-420,\"Query UNTERMINATED\"", "timestamp_iso": "2026-07-24T15:45:52.343712+00:00", "timestamp_unix": 1784907952.3437123}
{"command": "SYST:ERR?", "duration_s": 0.0011927999985346105, "error": null, "operation": "query", "response": "-113,\"Undefined header\"", "timestamp_iso": "2026-07-24T15:45:52.348739+00:00", "timestamp_unix": 1784907952.348739}
{"command": "SYST:ERR?", "duration_s": 0.0013405999998212792, "error": null, "operation": "query", "response": "-420,\"Query UNTERMINATED\"", "timestamp_iso": "2026-07-24T15:45:52.354162+00:00", "timestamp_unix": 1784907952.354162}
{"command": "SYST:ERR?", "duration_s": 0.0013978000006318325, "error": null, "operation": "query", "response": "-109,\"Missing parameter\"", "timestamp_iso": "2026-07-24T15:45:52.358116+00:00", "timestamp_unix": 1784907952.3581161}
{"command": "SYST:ERR?", "duration_s": 0.0011680999996315222, "error": null, "operation": "query", "response": "-420,\"Query UNTERMINATED\"", "timestamp_iso": "2026-07-24T15:45:52.362847+00:00", "timestamp_unix": 1784907952.3628473}
{"command": "SYST:ERR?", "duration_s": 0.001302800001212745, "error": null, "operation": "query", "response": "-109,\"Missing parameter\"", "timestamp_iso": "2026-07-24T15:45:52.368258+00:00", "timestamp_unix": 1784907952.3682582}
{"command": "SYST:ERR?", "duration_s": 0.0012393999986670678, "error": null, "operation": "query", "response": "-420,\"Query UNTERMINATED\"", "timestamp_iso": "2026-07-24T15:45:52.374440+00:00", "timestamp_unix": 1784907952.37444}
{"command": "SYST:ERR?", "duration_s": 0.0010508000013942365, "error": null, "operation": "query", "response": "+0,\"No error\"", "timestamp_iso": "2026-07-24T15:45:52.378843+00:00", "timestamp_unix": 1784907952.3788433}
{"command": "SYST:ERR?", "duration_s": 0.000952500000494183, "error": null, "operation": "query", "response": "+0,\"No error\"", "timestamp_iso": "2026-07-24T15:45:52.524804+00:00", "timestamp_unix": 1784907952.5248044}
{"command": "SYST:ERR?", "duration_s": 0.0013450000005832408, "error": null, "operation": "query", "response": "+0,\"No error\"", "timestamp_iso": "2026-07-24T15:45:52.533545+00:00", "timestamp_unix": 1784907952.5335455}
{"command": "SYST:ERR?", "duration_s": 0.0009479999989707721, "error": null, "operation": "query", "response": "+0,\"No error\"", "timestamp_iso": "2026-07-24T15:45:52.542928+00:00", "timestamp_unix": 1784907952.5429282}
{"command": "SYST:ERR?", "duration_s": 0.0013676999988092575, "error": null, "operation": "query", "response": "+0,\"No error\"", "timestamp_iso": "2026-07-24T15:45:52.549520+00:00", "timestamp_unix": 1784907952.54952}
{"command": "SYST:ERR?", "duration_s": 0.0008780000007391209, "error": null, "operation": "query", "response": "+0,\"No error\"", "timestamp_iso": "2026-07-24T15:45:52.557248+00:00", "timestamp_unix": 1784907952.5572476}
{"command": "SYST:ERR?", "duration_s": 0.0009559999998600688, "error": null, "operation": "query", "response": "+0,\"No error\"", "timestamp_iso": "2026-07-24T15:45:52.565310+00:00", "timestamp_unix": 1784907952.5653098}
{"command": "SYST:ERR?", "duration_s": 0.0011307000004308065, "error": null, "operation": "query", "response": "+0,\"No error\"", "timestamp_iso": "2026-07-24T15:45:52.575608+00:00", "timestamp_unix": 1784907952.5756083}
