{"timestamp_iso": "2026-07-24T15:45:51.856616+00:00", "timestamp_unix": 1784907951.856616, "operation": "query", "command": "*IDN?", "response": "Agilent Technologies,N6700B,MY43014421,D.04.10", "error": null, "duration_s": 0.0006526999986817827}
{"timestamp_iso": "2026-07-24T15:45:51.859470+00:00", "timestamp_unix": 1784907951.8594704, "operation": "query", "command": "SYST:CHAN:COUN?", "response": "+2", "error": null, "duration_s": 0.0008077000002231216}
{"timestamp_iso": "2026-07-24T15:45:51.863409+00:00", "timestamp_unix": 1784907951.8634086, "operation": "query", "command": "SYST:CHAN:MOD? (@1)", "response": "N6775A", "error": null, "duration_s": 0.0027399999999033753}
{"timestamp_iso": "2026-07-24T15:45:51.869876+00:00", "timestamp_unix": 1784907951.8698761, "operation": "query", "command": "SYST:CHAN:OPT? (@1)", "response": "\"\"", "error": null, "duration_s": 0.011233999999603839}
{"timestamp_iso": "2026-07-24T15:45:51.885937+00:00", "timestamp_unix": 1784907951.8859367, "operation": "query", "command": "SYST:CHAN:MOD? (@2)", "response": "N6775A", "error": null, "duration_s": 0.0032749999991210643}
{"timestamp_iso": "2026-07-24T15:45:51.892166+00:00", "timestamp_unix": 1784907951.892166, "operation": "query", "command": "SYST:CHAN:OPT? (@2)", "response": "\"\"", "error": null, "duration_s": 0.011149899999509216}
{"timestamp_iso": "2026-07-24T15:45:52.225238+00:00", "timestamp_unix": 1784907952.225238, "operation": "query", "command": "SYST:CHAN:MOD? (@1)", "response": "N6775A", "error": null, "duration_s": 0.002944900001239148}
{"timestamp_iso": "2026-07-24T15:45:52.232200+00:00", "timestamp_unix": 1784907952.2322004, "operation": "query", "command": "SYST:CHAN:SER? (@1)", "response": "MY45001931", "error": null, "duration_s": 0.002915900000516558}
{"timestamp_iso": "2026-07-24T15:45:52.238699+00:00", "timestamp_unix": 1784907952.2386987, "operation": "query", "command": "SYST:CHAN:OPT? (@1)", "response": "\"\"", "error": null, "duration_s": 0.012057400001140195}
{"timestamp_iso": "2026-07-24T15:45:52.259763+00:00", "timestamp_unix": 1784907952.2597632, "operation": "query", "command": "OUTP? (@1)", "response": "1", "error": null, "duration_s": 0.000969299999269424}
{"timestamp_iso": "2026-07-24T15:45:52.263194+00:00", "timestamp_unix": 1784907952.2631943, "operation": "query", "command": "VOLT? (@1)", "response": "+1.000000E+01", "error": null, "duration_s": 0.0008696999993844656}
{"timestamp_iso": "2026-07-24T15:45:52.267033+00:00", "timestamp_unix": 1784907952.2670326, "operation": "query", "command": "CURR? (@1)", "response": "+1.000000E-01", "error": null, "duration_s": 0.0007767999995849095}
{"timestamp_iso": "2026-07-24T15:45:52.271250+00:00", "timestamp_unix": 1784907952.2712502, "operation": "query", "command": "VOLT:PROT? (@1)", "response": "+6.000000E+01", "error": null, "duration_s": 0.0009031000008690171}
{"timestamp_iso": "2026-07-24T15:45:52.275249+00:00", "timestamp_unix": 1784907952.2752485, "operation": "query", "command": "CURR:PROT:STAT? (@1)", "response": "0", "error": null, "duration_s": 0.0008357999995496357}
{"timestamp_iso": "2026-07-24T15:45:52.280284+00:00", "timestamp_unix": 1784907952.2802842, "operation": "write", "command": "OUTP OFF,(@1)", "response": null, "error": null, "duration_s": 0.00011770000128308311}
{"timestamp_iso": "2026-07-24T15:45:52.284946+00:00", "timestamp_unix": 1784907952.2849457, "operation": "query", "command": "SYST:ERR?", "response": "-113,\"Undefined header\"", "error": null, "duration_s": 0.0010939000003418187}
{"timestamp_iso": "2026-07-24T15:45:52.288800+00:00", "timestamp_unix": 1784907952.2887995, "operation": "query", "command": "SYST:ERR?", "response": "-420,\"Query UNTERMINATED\"", "error": null, "duration_s": 0.0013449000016407808}
{"timestamp_iso": "2026-07-24T15:45:52.293500+00:00", "timestamp_unix": 1784907952.2935004, "operation": "query", "command": "SYST:ERR?", "response": "-113,\"Undefined header\"", "error": null, "duration_s": 0.0014811000000918284}
{"timestamp_iso": "2026-07-24T15:45:52.298693+00:00", "timestamp_unix": 1784907952.298693, "operation": "query", "command": "SYST:ERR?", "response": "-420,\"Query UNTERMINATED\"", "error": null, "duration_s": 0.0014972000008128816}
{"timestamp_iso": "2026-07-24T15:45:52.303715+00:00", "timestamp_unix": 1784907952.3037148, "operation": "query", "command": "SYST:ERR?", "response": "-113,\"Undefined header\"", "error": null, "duration_s": 0.001319599999987986}
{"timestamp_iso": "2026-07-24T15:45:52.307562+00:00", "timestamp_unix": 1784907952.3075624, "operation": "query", "command": "SYST:ERR?", "response": "-420,\"Query UNTERMINATED\"", "error": null, "duration_s": 0.001299900000958587}
{"timestamp_iso": "2026-07-24T15:45:52.311451+00:00", "timestamp_unix": 1784907952.3114512, "operation": "query", "command": "SYST:ERR?", "response": "-113,\"Undefined header\"", "error": null, "duration_s": 0.0013343999999051448}
{"timestamp_iso": "2026-07-24T15:45:52.316118+00:00", "timestamp_unix": 1784907952.3161185, "operation": "query", "command": "SYST:ERR?", "response": "-420,\"Query UNTERMINATED\"", "error": null, "duration_s": 0.0012684000012086472}
{"timestamp_iso": "2026-07-24T15:45:52.321303+00:00", "timestamp_unix": 1784907952.3213031, "operation": "query", "command": "SYST:ERR?", "response": "-102,\"Syntax error\"", "error": null, "duration_s": 0.0012313999995967606}
{"timestamp_iso": "2026-07-24T15:45:52.326167+00:00", "timestamp_unix": 1784907952.3261669, "operation": "query", "command": "SYST:ERR?", "response": "-420,\"Query UNTERMINATED\"", "error": null, "duration_s": 0.0012031000005663373}
{"timestamp_iso": "2026-07-24T15:45:52.331882+00:00", "timestamp_unix": 1784907952.3318815, "operation": "query", "command": "SYST:ERR?", "response": "-109,\"Missing parameter\"", "error": null, "duration_s": 0.0012469999983295565}
{"timestamp_iso": "2026-07-24T15:45:52.336594+00:00", "timestamp_unix": 1784907952.3365943, "operation": "query", "command": "SYST:ERR?", "response": "-420,\"Query UNTERMINATED\"", "error": null, "duration_s": 0.001172000000224216}
{"timestamp_iso": "2026-07-24T15:45:52.340060+00:00", "timestamp_unix": 1784907952.3400598, "operation": "query", "command": "SYST:ERR?", "response": "-113,\"Undefined header\"", "error": null, "duration_s": 0.0011957999995502178}
{"timestamp_iso": "2026-07-24T15:45:52.343712+00:00", "timestamp_unix": 1784907952.3437123, "operation": "query", "command": "SYST:ERR?", "response": "-420,\"Query UNTERMINATED\"", "error": null, "duration_s": 0.0014889000012772158}
{"timestamp_iso": "2026-07-24T15:45:52.348739+00:00", "timestamp_unix": 1784907952.348739, "operation": "query", "command": "SYST:ERR?", "response": "-113,\"Undefined header\"", "error": null, "duration_s": 0.0011927999985346105}
{"timestamp_iso": "2026-07-24T15:45:52.354162+00:00", "timestamp_unix": 1784907952.354162, "operation": "query", "command": "SYST:ERR?", "response": "-420,\"Query UNTERMINATED\"", "error": null, "duration_s": 0.0013405999998212792}
{"timestamp_iso": "2026-07-24T15:45:52.358116+00:00", "timestamp_unix": 1784907952.3581161, "operation": "query", "command": "SYST:ERR?", "response": "-109,\"Missing parameter\"", "error": null, "duration_s": 0.0013978000006318325}
{"timestamp_iso": "2026-07-24T15:45:52.362847+00:00", "timestamp_unix": 1784907952.3628473, "operation": "query", "command": "SYST:ERR?", "response": "-420,\"Query UNTERMINATED\"", "error": null, "duration_s": 0.0011680999996315222}
{"timestamp_iso": "2026-07-24T15:45:52.368258+00:00", "timestamp_unix": 1784907952.3682582, "operation": "query", "command": "SYST:ERR?", "response": "-109,\"Missing parameter\"", "error": null, "duration_s": 0.001302800001212745}
{"timestamp_iso": "2026-07-24T15:45:52.374440+00:00", "timestamp_unix": 1784907952.37444, "operation": "query", "command": "SYST:ERR?", "response": "-420,\"Query UNTERMINATED\"", "error": null, "duration_s": 0.0012393999986670678}
{"timestamp_iso": "2026-07-24T15:45:52.378843+00:00", "timestamp_unix": 1784907952.3788433, "operation": "query", "command": "SYST:ERR?", "response": "+0,\"No error\"", "error": null, "duration_s": 0.0010508000013942365}
{"timestamp_iso": "2026-07-24T15:45:52.513679+00:00", "timestamp_unix": 1784907952.5136786, "operation": "write", "command": "OUTP OFF,(@1)", "response": null, "error": null, "duration_s": 0.0001550999986648094}
{"timestamp_iso": "2026-07-24T15:45:52.517047+00:00", "timestamp_unix": 1784907952.5170467, "operation": "write", "command": "OUTP OFF,(@2)", "response": null, "error": null, "duration_s": 0.000103599999420112}
{"timestamp_iso": "2026-07-24T15:45:52.519937+00:00", "timestamp_unix": 1784907952.519937, "operation": "write", "command": "OUTP OFF,(@1)", "response": null, "error": null, "duration_s": 0.0001627000001462875}
{"timestamp_iso": "2026-07-24T15:45:52.524804+00:00", "timestamp_unix": 1784907952.5248044, "operation": "query", "command": "SYST:ERR?", "response": "+0,\"No error\"", "error": null, "duration_s": 0.000952500000494183}
{"timestamp_iso": "2026-07-24T15:45:52.529760+00:00", "timestamp_unix": 1784907952.5297596, "operation": "write", "command": "VOLT 0,(@1)", "response": null, "error": null, "duration_s": 0.0001334000007773284}
{"timestamp_iso": "2026-07-24T15:45:52.533545+00:00", "timestamp_unix": 1784907952.5335455, "operation": "query", "command": "SYST:ERR?", "response": "+0,\"No error\"", "error": null, "duration_s": 0.0013450000005832408}
{"timestamp_iso": "2026-07-24T15:45:52.539789+00:00", "timestamp_unix": 1784907952.5397887, "operation": "write", "command": "CURR 0.1,(@1)", "response": null, "error": null, "duration_s": 0.00014109999938227702}
{"timestamp_iso": "2026-07-24T15:45:52.542928+00:00", "timestamp_unix": 1784907952.5429282, "operation": "query", "command": "SYST:ERR?", "response": "+0,\"No error\"", "error": null, "duration_s": 0.0009479999989707721}
{"timestamp_iso": "2026-07-24T15:45:52.547183+00:00", "timestamp_unix": 1784907952.5471833, "operation": "write", "command": "VOLT:PROT 60,(@1)", "response": null, "error": null, "duration_s": 0.00017290000141656492}
{"timestamp_iso": "2026-07-24T15:45:52.549520+00:00", "timestamp_unix": 1784907952.54952, "operation": "query", "command": "SYST:ERR?", "response": "+0,\"No error\"", "error": null, "duration_s": 0.0013676999988092575}
{"timestamp_iso": "2026-07-24T15:45:52.554662+00:00", "timestamp_unix": 1784907952.5546622, "operation": "write", "command": "CURR:PROT:STAT OFF,(@1)", "response": null, "error": null, "duration_s": 0.0001503000003140187}
{"timestamp_iso": "2026-07-24T15:45:52.557248+00:00", "timestamp_unix": 1784907952.5572476, "operation": "query", "command": "SYST:ERR?", "response": "+0,\"No error\"", "error": null, "duration_s": 0.0008780000007391209}
{"timestamp_iso": "2026-07-24T15:45:52.561351+00:00", "timestamp_unix": 1784907952.5613508, "operation": "write", "command": "VOLT 10,(@1)", "response": null, "error": null, "duration_s": 0.00018909999926108867}
{"timestamp_iso": "2026-07-24T15:45:52.565310+00:00", "timestamp_unix": 1784907952.5653098, "operation": "query", "command": "SYST:ERR?", "response": "+0,\"No error\"", "error": null, "duration_s": 0.0009559999998600688}
{"timestamp_iso": "2026-07-24T15:45:52.571246+00:00", "timestamp_unix": 1784907952.5712464, "operation": "write", "command": "OUTP OFF,(@1)", "response": null, "error": null, "duration_s": 0.0002060999995592283}
{"timestamp_iso": "2026-07-24T15:45:52.575608+00:00", "timestamp_unix": 1784907952.5756083, "operation": "query", "command": "SYST:ERR?", "response": "+0,\"No error\"", "error": null, "duration_s": 0.0011307000004308065}
{"timestamp_iso": "2026-07-24T15:45:52.581022+00:00", "timestamp_unix": 1784907952.581022, "operation": "write", "command": "OUTP OFF,(@1)", "response": null, "error": null, "duration_s": 0.0001305999994656304}
{"timestamp_iso": "2026-07-24T15:45:52.585692+00:00", "timestamp_unix": 1784907952.5856917, "operation": "write", "command": "OUTP OFF,(@2)", "response": null, "error": null, "duration_s": 0.0001415999995515449}
